Archive member included to satisfy reference by file (symbol)

e:/atmel/as7/7.0/toolchain/avr8/avr8-gnu-toolchain/bin/../lib/gcc/avr/4.9.2/../../../../avr/lib/avrxmega6\libm.a(addsf3.o)
                              ADC.o (__subsf3)
e:/atmel/as7/7.0/toolchain/avr8/avr8-gnu-toolchain/bin/../lib/gcc/avr/4.9.2/../../../../avr/lib/avrxmega6\libm.a(addsf3x.o)
                              e:/atmel/as7/7.0/toolchain/avr8/avr8-gnu-toolchain/bin/../lib/gcc/avr/4.9.2/../../../../avr/lib/avrxmega6\libm.a(addsf3.o) (__addsf3x)
e:/atmel/as7/7.0/toolchain/avr8/avr8-gnu-toolchain/bin/../lib/gcc/avr/4.9.2/../../../../avr/lib/avrxmega6\libm.a(cmpsf2.o)
                              CanSat.o (__ltsf2)
e:/atmel/as7/7.0/toolchain/avr8/avr8-gnu-toolchain/bin/../lib/gcc/avr/4.9.2/../../../../avr/lib/avrxmega6\libm.a(divsf3.o)
                              CanSat.o (__divsf3)
e:/atmel/as7/7.0/toolchain/avr8/avr8-gnu-toolchain/bin/../lib/gcc/avr/4.9.2/../../../../avr/lib/avrxmega6\libm.a(divsf3x.o)
                              e:/atmel/as7/7.0/toolchain/avr8/avr8-gnu-toolchain/bin/../lib/gcc/avr/4.9.2/../../../../avr/lib/avrxmega6\libm.a(divsf3.o) (__divsf3x)
e:/atmel/as7/7.0/toolchain/avr8/avr8-gnu-toolchain/bin/../lib/gcc/avr/4.9.2/../../../../avr/lib/avrxmega6\libm.a(fixsfsi.o)
                              MPU9150.o (__fixsfsi)
e:/atmel/as7/7.0/toolchain/avr8/avr8-gnu-toolchain/bin/../lib/gcc/avr/4.9.2/../../../../avr/lib/avrxmega6\libm.a(fixunssfsi.o)
                              CanSat.o (__fixunssfsi)
e:/atmel/as7/7.0/toolchain/avr8/avr8-gnu-toolchain/bin/../lib/gcc/avr/4.9.2/../../../../avr/lib/avrxmega6\libm.a(floatsisf.o)
                              ADC.o (__floatunsisf)
e:/atmel/as7/7.0/toolchain/avr8/avr8-gnu-toolchain/bin/../lib/gcc/avr/4.9.2/../../../../avr/lib/avrxmega6\libm.a(fp_cmp.o)
                              e:/atmel/as7/7.0/toolchain/avr8/avr8-gnu-toolchain/bin/../lib/gcc/avr/4.9.2/../../../../avr/lib/avrxmega6\libm.a(cmpsf2.o) (__fp_cmp)
e:/atmel/as7/7.0/toolchain/avr8/avr8-gnu-toolchain/bin/../lib/gcc/avr/4.9.2/../../../../avr/lib/avrxmega6\libm.a(fp_inf.o)
                              e:/atmel/as7/7.0/toolchain/avr8/avr8-gnu-toolchain/bin/../lib/gcc/avr/4.9.2/../../../../avr/lib/avrxmega6\libm.a(addsf3x.o) (__fp_inf)
e:/atmel/as7/7.0/toolchain/avr8/avr8-gnu-toolchain/bin/../lib/gcc/avr/4.9.2/../../../../avr/lib/avrxmega6\libm.a(fp_nan.o)
                              e:/atmel/as7/7.0/toolchain/avr8/avr8-gnu-toolchain/bin/../lib/gcc/avr/4.9.2/../../../../avr/lib/avrxmega6\libm.a(addsf3x.o) (__fp_nan)
e:/atmel/as7/7.0/toolchain/avr8/avr8-gnu-toolchain/bin/../lib/gcc/avr/4.9.2/../../../../avr/lib/avrxmega6\libm.a(fp_pscA.o)
                              e:/atmel/as7/7.0/toolchain/avr8/avr8-gnu-toolchain/bin/../lib/gcc/avr/4.9.2/../../../../avr/lib/avrxmega6\libm.a(addsf3x.o) (__fp_pscA)
e:/atmel/as7/7.0/toolchain/avr8/avr8-gnu-toolchain/bin/../lib/gcc/avr/4.9.2/../../../../avr/lib/avrxmega6\libm.a(fp_pscB.o)
                              e:/atmel/as7/7.0/toolchain/avr8/avr8-gnu-toolchain/bin/../lib/gcc/avr/4.9.2/../../../../avr/lib/avrxmega6\libm.a(addsf3x.o) (__fp_pscB)
e:/atmel/as7/7.0/toolchain/avr8/avr8-gnu-toolchain/bin/../lib/gcc/avr/4.9.2/../../../../avr/lib/avrxmega6\libm.a(fp_round.o)
                              e:/atmel/as7/7.0/toolchain/avr8/avr8-gnu-toolchain/bin/../lib/gcc/avr/4.9.2/../../../../avr/lib/avrxmega6\libm.a(addsf3.o) (__fp_round)
e:/atmel/as7/7.0/toolchain/avr8/avr8-gnu-toolchain/bin/../lib/gcc/avr/4.9.2/../../../../avr/lib/avrxmega6\libm.a(fp_split3.o)
                              e:/atmel/as7/7.0/toolchain/avr8/avr8-gnu-toolchain/bin/../lib/gcc/avr/4.9.2/../../../../avr/lib/avrxmega6\libm.a(addsf3x.o) (__fp_split3)
e:/atmel/as7/7.0/toolchain/avr8/avr8-gnu-toolchain/bin/../lib/gcc/avr/4.9.2/../../../../avr/lib/avrxmega6\libm.a(fp_zero.o)
                              e:/atmel/as7/7.0/toolchain/avr8/avr8-gnu-toolchain/bin/../lib/gcc/avr/4.9.2/../../../../avr/lib/avrxmega6\libm.a(addsf3x.o) (__fp_zero)
e:/atmel/as7/7.0/toolchain/avr8/avr8-gnu-toolchain/bin/../lib/gcc/avr/4.9.2/../../../../avr/lib/avrxmega6\libm.a(gesf2.o)
                              CanSat.o (__gtsf2)
e:/atmel/as7/7.0/toolchain/avr8/avr8-gnu-toolchain/bin/../lib/gcc/avr/4.9.2/../../../../avr/lib/avrxmega6\libm.a(mulsf3.o)
                              ADC.o (__mulsf3)
e:/atmel/as7/7.0/toolchain/avr8/avr8-gnu-toolchain/bin/../lib/gcc/avr/4.9.2/../../../../avr/lib/avrxmega6\libm.a(mulsf3x.o)
                              e:/atmel/as7/7.0/toolchain/avr8/avr8-gnu-toolchain/bin/../lib/gcc/avr/4.9.2/../../../../avr/lib/avrxmega6\libm.a(mulsf3.o) (__mulsf3x)
e:/atmel/as7/7.0/toolchain/avr8/avr8-gnu-toolchain/bin/../lib/gcc/avr/4.9.2/../../../../avr/lib/avrxmega6\libm.a(pow.o)
                              util.o (pow)
e:/atmel/as7/7.0/toolchain/avr8/avr8-gnu-toolchain/bin/../lib/gcc/avr/4.9.2/../../../../avr/lib/avrxmega6\libm.a(trunc.o)
                              util.o (trunc)
e:/atmel/as7/7.0/toolchain/avr8/avr8-gnu-toolchain/bin/../lib/gcc/avr/4.9.2/../../../../avr/lib/avrxmega6\libm.a(exp.o)
                              e:/atmel/as7/7.0/toolchain/avr8/avr8-gnu-toolchain/bin/../lib/gcc/avr/4.9.2/../../../../avr/lib/avrxmega6\libm.a(pow.o) (exp)
e:/atmel/as7/7.0/toolchain/avr8/avr8-gnu-toolchain/bin/../lib/gcc/avr/4.9.2/../../../../avr/lib/avrxmega6\libm.a(fp_mintl.o)
                              e:/atmel/as7/7.0/toolchain/avr8/avr8-gnu-toolchain/bin/../lib/gcc/avr/4.9.2/../../../../avr/lib/avrxmega6\libm.a(trunc.o) (__fp_mintl)
e:/atmel/as7/7.0/toolchain/avr8/avr8-gnu-toolchain/bin/../lib/gcc/avr/4.9.2/../../../../avr/lib/avrxmega6\libm.a(fp_mpack.o)
                              e:/atmel/as7/7.0/toolchain/avr8/avr8-gnu-toolchain/bin/../lib/gcc/avr/4.9.2/../../../../avr/lib/avrxmega6\libm.a(trunc.o) (__fp_mpack)
e:/atmel/as7/7.0/toolchain/avr8/avr8-gnu-toolchain/bin/../lib/gcc/avr/4.9.2/../../../../avr/lib/avrxmega6\libm.a(fp_powser.o)
                              e:/atmel/as7/7.0/toolchain/avr8/avr8-gnu-toolchain/bin/../lib/gcc/avr/4.9.2/../../../../avr/lib/avrxmega6\libm.a(exp.o) (__fp_powser)
e:/atmel/as7/7.0/toolchain/avr8/avr8-gnu-toolchain/bin/../lib/gcc/avr/4.9.2/../../../../avr/lib/avrxmega6\libm.a(fp_trunc.o)
                              e:/atmel/as7/7.0/toolchain/avr8/avr8-gnu-toolchain/bin/../lib/gcc/avr/4.9.2/../../../../avr/lib/avrxmega6\libm.a(trunc.o) (__fp_trunc)
e:/atmel/as7/7.0/toolchain/avr8/avr8-gnu-toolchain/bin/../lib/gcc/avr/4.9.2/../../../../avr/lib/avrxmega6\libm.a(inverse.o)
                              e:/atmel/as7/7.0/toolchain/avr8/avr8-gnu-toolchain/bin/../lib/gcc/avr/4.9.2/../../../../avr/lib/avrxmega6\libm.a(exp.o) (inverse)
e:/atmel/as7/7.0/toolchain/avr8/avr8-gnu-toolchain/bin/../lib/gcc/avr/4.9.2/../../../../avr/lib/avrxmega6\libm.a(ldexp.o)
                              e:/atmel/as7/7.0/toolchain/avr8/avr8-gnu-toolchain/bin/../lib/gcc/avr/4.9.2/../../../../avr/lib/avrxmega6\libm.a(exp.o) (ldexp)
e:/atmel/as7/7.0/toolchain/avr8/avr8-gnu-toolchain/bin/../lib/gcc/avr/4.9.2/../../../../avr/lib/avrxmega6\libm.a(log.o)
                              e:/atmel/as7/7.0/toolchain/avr8/avr8-gnu-toolchain/bin/../lib/gcc/avr/4.9.2/../../../../avr/lib/avrxmega6\libm.a(pow.o) (log)
e:/atmel/as7/7.0/toolchain/avr8/avr8-gnu-toolchain/bin/../lib/gcc/avr/4.9.2/../../../../avr/lib/avrxmega6\libm.a(modf.o)
                              e:/atmel/as7/7.0/toolchain/avr8/avr8-gnu-toolchain/bin/../lib/gcc/avr/4.9.2/../../../../avr/lib/avrxmega6\libm.a(exp.o) (modf)
e:/atmel/as7/7.0/toolchain/avr8/avr8-gnu-toolchain/bin/../lib/gcc/avr/4.9.2/avrxmega6\libgcc.a(_divmodhi4.o)
                              util.o (__divmodhi4)
e:/atmel/as7/7.0/toolchain/avr8/avr8-gnu-toolchain/bin/../lib/gcc/avr/4.9.2/avrxmega6\libgcc.a(_udivmodsi4.o)
                              CanSat.o (__udivmodsi4)
e:/atmel/as7/7.0/toolchain/avr8/avr8-gnu-toolchain/bin/../lib/gcc/avr/4.9.2/avrxmega6\libgcc.a(_divmodsi4.o)
                              CanSat.o (__divmodsi4)
e:/atmel/as7/7.0/toolchain/avr8/avr8-gnu-toolchain/bin/../lib/gcc/avr/4.9.2/avrxmega6\libgcc.a(_negsi2.o)
                              e:/atmel/as7/7.0/toolchain/avr8/avr8-gnu-toolchain/bin/../lib/gcc/avr/4.9.2/avrxmega6\libgcc.a(_divmodsi4.o) (__negsi2)
e:/atmel/as7/7.0/toolchain/avr8/avr8-gnu-toolchain/bin/../lib/gcc/avr/4.9.2/avrxmega6\libgcc.a(_exit.o)
                              E:/Atmel/AS7/7.0/Packs/atmel/XMEGAA_DFP/1.0.36/gcc/dev/atxmega256a3bu/avrxmega6/crtatxmega256a3bu.o (exit)
e:/atmel/as7/7.0/toolchain/avr8/avr8-gnu-toolchain/bin/../lib/gcc/avr/4.9.2/avrxmega6\libgcc.a(_tablejump2.o)
                              CanSat.o (__tablejump2__)
e:/atmel/as7/7.0/toolchain/avr8/avr8-gnu-toolchain/bin/../lib/gcc/avr/4.9.2/avrxmega6\libgcc.a(_copy_data.o)
                              CanSat.o (__do_copy_data)
e:/atmel/as7/7.0/toolchain/avr8/avr8-gnu-toolchain/bin/../lib/gcc/avr/4.9.2/avrxmega6\libgcc.a(_clear_bss.o)
                              CanSat.o (__do_clear_bss)
e:/atmel/as7/7.0/toolchain/avr8/avr8-gnu-toolchain/bin/../lib/gcc/avr/4.9.2/avrxmega6\libgcc.a(_umulhisi3.o)
                              Initialization.o (__umulhisi3)
e:/atmel/as7/7.0/toolchain/avr8/avr8-gnu-toolchain/bin/../lib/gcc/avr/4.9.2/avrxmega6\libgcc.a(_udivmodhi4.o)
                              e:/atmel/as7/7.0/toolchain/avr8/avr8-gnu-toolchain/bin/../lib/gcc/avr/4.9.2/avrxmega6\libgcc.a(_divmodhi4.o) (__udivmodhi4)

Allocating common symbols
Common symbol       size              file

ADC_d               0x20              CanSat.o

Discarded input sections

 .data          0x00000000        0x0 E:/Atmel/AS7/7.0/Packs/atmel/XMEGAA_DFP/1.0.36/gcc/dev/atxmega256a3bu/avrxmega6/crtatxmega256a3bu.o
 .bss           0x00000000        0x0 E:/Atmel/AS7/7.0/Packs/atmel/XMEGAA_DFP/1.0.36/gcc/dev/atxmega256a3bu/avrxmega6/crtatxmega256a3bu.o
 .text          0x00000000        0x0 ADC.o
 .data          0x00000000        0x0 ADC.o
 .bss           0x00000000        0x0 ADC.o
 .text          0x00000000        0x0 CanSat.o
 .data          0x00000000        0x0 CanSat.o
 .bss           0x00000000        0x0 CanSat.o
 .text.FLASHerase
                0x00000000       0x94 CanSat.o
 .text.DetectInitOrientation
                0x00000000        0x2 CanSat.o
 .text.SensorDataFusion
                0x00000000        0x2 CanSat.o
 .text          0x00000000        0x0 I2C.o
 .data          0x00000000        0x0 I2C.o
 .bss           0x00000000        0x0 I2C.o
 .text          0x00000000        0x0 SPI.o
 .data          0x00000000        0x0 SPI.o
 .bss           0x00000000        0x0 SPI.o
 .text.SPI_MemoryCheck
                0x00000000       0x52 SPI.o
 .text.SPI_Status
                0x00000000       0x22 SPI.o
 .text.SPI_Read
                0x00000000       0x68 SPI.o
 .text.SPI_ReadByte
                0x00000000       0x46 SPI.o
 .text.SPI_CmdSend
                0x00000000       0x1c SPI.o
 .text.SPI_AAI_Mode_Start
                0x00000000       0x1c SPI.o
 .text.SPI_AAI_Mode_Stop
                0x00000000       0x1c SPI.o
 .text          0x00000000        0x0 Initialization.o
 .data          0x00000000        0x0 Initialization.o
 .bss           0x00000000        0x0 Initialization.o
 .text          0x00000000        0x0 LIS331HH.o
 .data          0x00000000        0x0 LIS331HH.o
 .bss           0x00000000        0x0 LIS331HH.o
 .text          0x00000000        0x0 LPS25H.o
 .data          0x00000000        0x0 LPS25H.o
 .bss           0x00000000        0x0 LPS25H.o
 .text.LPS25H_WhoIAm
                0x00000000       0x24 LPS25H.o
 .text          0x00000000        0x0 LSM9DS0.o
 .data          0x00000000        0x0 LSM9DS0.o
 .bss           0x00000000        0x0 LSM9DS0.o
 .text          0x00000000        0x0 MPU9150.o
 .data          0x00000000        0x0 MPU9150.o
 .bss           0x00000000        0x0 MPU9150.o
 .text.MPU9150_WhoAmI
                0x00000000       0x24 MPU9150.o
 .text.MPU9150_MagInit
                0x00000000       0x16 MPU9150.o
 .text.MPU9150_MagStartConv
                0x00000000        0xa MPU9150.o
 .text.MPU9150_MagUpdate
                0x00000000       0x94 MPU9150.o
 .text.MPU9150_MagCalc
                0x00000000       0xc6 MPU9150.o
 .text.MPU9150_MagCal
                0x00000000       0xa6 MPU9150.o
 .text          0x00000000        0x0 util.o
 .data          0x00000000        0x0 util.o
 .bss           0x00000000        0x0 util.o
 .text.float2char
                0x00000000      0x1ba util.o
 .text.ringBuffer_read
                0x00000000       0x7e util.o
 .text.ringBuffer_addChar
                0x00000000       0x88 util.o
 .text.ringBuffer_addString
                0x00000000       0x5e util.o
 .text.purgeBuffer
                0x00000000        0xe util.o
 .text.GPSdecode
                0x00000000        0x4 util.o
 .text.NMEAchecksum
                0x00000000       0x2e util.o
 .text.decodeNMEA
                0x00000000        0x2 util.o
 .text.altitudeCalc
                0x00000000        0x2 util.o
 .text          0x00000000        0x0 e:/atmel/as7/7.0/toolchain/avr8/avr8-gnu-toolchain/bin/../lib/gcc/avr/4.9.2/../../../../avr/lib/avrxmega6\libm.a(addsf3.o)
 .data          0x00000000        0x0 e:/atmel/as7/7.0/toolchain/avr8/avr8-gnu-toolchain/bin/../lib/gcc/avr/4.9.2/../../../../avr/lib/avrxmega6\libm.a(addsf3.o)
 .bss           0x00000000        0x0 e:/atmel/as7/7.0/toolchain/avr8/avr8-gnu-toolchain/bin/../lib/gcc/avr/4.9.2/../../../../avr/lib/avrxmega6\libm.a(addsf3.o)
 .text          0x00000000        0x0 e:/atmel/as7/7.0/toolchain/avr8/avr8-gnu-toolchain/bin/../lib/gcc/avr/4.9.2/../../../../avr/lib/avrxmega6\libm.a(addsf3x.o)
 .data          0x00000000        0x0 e:/atmel/as7/7.0/toolchain/avr8/avr8-gnu-toolchain/bin/../lib/gcc/avr/4.9.2/../../../../avr/lib/avrxmega6\libm.a(addsf3x.o)
 .bss           0x00000000        0x0 e:/atmel/as7/7.0/toolchain/avr8/avr8-gnu-toolchain/bin/../lib/gcc/avr/4.9.2/../../../../avr/lib/avrxmega6\libm.a(addsf3x.o)
 .text          0x00000000        0x0 e:/atmel/as7/7.0/toolchain/avr8/avr8-gnu-toolchain/bin/../lib/gcc/avr/4.9.2/../../../../avr/lib/avrxmega6\libm.a(cmpsf2.o)
 .data          0x00000000        0x0 e:/atmel/as7/7.0/toolchain/avr8/avr8-gnu-toolchain/bin/../lib/gcc/avr/4.9.2/../../../../avr/lib/avrxmega6\libm.a(cmpsf2.o)
 .bss           0x00000000        0x0 e:/atmel/as7/7.0/toolchain/avr8/avr8-gnu-toolchain/bin/../lib/gcc/avr/4.9.2/../../../../avr/lib/avrxmega6\libm.a(cmpsf2.o)
 .text          0x00000000        0x0 e:/atmel/as7/7.0/toolchain/avr8/avr8-gnu-toolchain/bin/../lib/gcc/avr/4.9.2/../../../../avr/lib/avrxmega6\libm.a(divsf3.o)
 .data          0x00000000        0x0 e:/atmel/as7/7.0/toolchain/avr8/avr8-gnu-toolchain/bin/../lib/gcc/avr/4.9.2/../../../../avr/lib/avrxmega6\libm.a(divsf3.o)
 .bss           0x00000000        0x0 e:/atmel/as7/7.0/toolchain/avr8/avr8-gnu-toolchain/bin/../lib/gcc/avr/4.9.2/../../../../avr/lib/avrxmega6\libm.a(divsf3.o)
 .text          0x00000000        0x0 e:/atmel/as7/7.0/toolchain/avr8/avr8-gnu-toolchain/bin/../lib/gcc/avr/4.9.2/../../../../avr/lib/avrxmega6\libm.a(divsf3x.o)
 .data          0x00000000        0x0 e:/atmel/as7/7.0/toolchain/avr8/avr8-gnu-toolchain/bin/../lib/gcc/avr/4.9.2/../../../../avr/lib/avrxmega6\libm.a(divsf3x.o)
 .bss           0x00000000        0x0 e:/atmel/as7/7.0/toolchain/avr8/avr8-gnu-toolchain/bin/../lib/gcc/avr/4.9.2/../../../../avr/lib/avrxmega6\libm.a(divsf3x.o)
 .text          0x00000000        0x0 e:/atmel/as7/7.0/toolchain/avr8/avr8-gnu-toolchain/bin/../lib/gcc/avr/4.9.2/../../../../avr/lib/avrxmega6\libm.a(fixsfsi.o)
 .data          0x00000000        0x0 e:/atmel/as7/7.0/toolchain/avr8/avr8-gnu-toolchain/bin/../lib/gcc/avr/4.9.2/../../../../avr/lib/avrxmega6\libm.a(fixsfsi.o)
 .bss           0x00000000        0x0 e:/atmel/as7/7.0/toolchain/avr8/avr8-gnu-toolchain/bin/../lib/gcc/avr/4.9.2/../../../../avr/lib/avrxmega6\libm.a(fixsfsi.o)
 .text          0x00000000        0x0 e:/atmel/as7/7.0/toolchain/avr8/avr8-gnu-toolchain/bin/../lib/gcc/avr/4.9.2/../../../../avr/lib/avrxmega6\libm.a(fixunssfsi.o)
 .data          0x00000000        0x0 e:/atmel/as7/7.0/toolchain/avr8/avr8-gnu-toolchain/bin/../lib/gcc/avr/4.9.2/../../../../avr/lib/avrxmega6\libm.a(fixunssfsi.o)
 .bss           0x00000000        0x0 e:/atmel/as7/7.0/toolchain/avr8/avr8-gnu-toolchain/bin/../lib/gcc/avr/4.9.2/../../../../avr/lib/avrxmega6\libm.a(fixunssfsi.o)
 .text          0x00000000        0x0 e:/atmel/as7/7.0/toolchain/avr8/avr8-gnu-toolchain/bin/../lib/gcc/avr/4.9.2/../../../../avr/lib/avrxmega6\libm.a(floatsisf.o)
 .data          0x00000000        0x0 e:/atmel/as7/7.0/toolchain/avr8/avr8-gnu-toolchain/bin/../lib/gcc/avr/4.9.2/../../../../avr/lib/avrxmega6\libm.a(floatsisf.o)
 .bss           0x00000000        0x0 e:/atmel/as7/7.0/toolchain/avr8/avr8-gnu-toolchain/bin/../lib/gcc/avr/4.9.2/../../../../avr/lib/avrxmega6\libm.a(floatsisf.o)
 .text          0x00000000        0x0 e:/atmel/as7/7.0/toolchain/avr8/avr8-gnu-toolchain/bin/../lib/gcc/avr/4.9.2/../../../../avr/lib/avrxmega6\libm.a(fp_cmp.o)
 .data          0x00000000        0x0 e:/atmel/as7/7.0/toolchain/avr8/avr8-gnu-toolchain/bin/../lib/gcc/avr/4.9.2/../../../../avr/lib/avrxmega6\libm.a(fp_cmp.o)
 .bss           0x00000000        0x0 e:/atmel/as7/7.0/toolchain/avr8/avr8-gnu-toolchain/bin/../lib/gcc/avr/4.9.2/../../../../avr/lib/avrxmega6\libm.a(fp_cmp.o)
 .text          0x00000000        0x0 e:/atmel/as7/7.0/toolchain/avr8/avr8-gnu-toolchain/bin/../lib/gcc/avr/4.9.2/../../../../avr/lib/avrxmega6\libm.a(fp_inf.o)
 .data          0x00000000        0x0 e:/atmel/as7/7.0/toolchain/avr8/avr8-gnu-toolchain/bin/../lib/gcc/avr/4.9.2/../../../../avr/lib/avrxmega6\libm.a(fp_inf.o)
 .bss           0x00000000        0x0 e:/atmel/as7/7.0/toolchain/avr8/avr8-gnu-toolchain/bin/../lib/gcc/avr/4.9.2/../../../../avr/lib/avrxmega6\libm.a(fp_inf.o)
 .text          0x00000000        0x0 e:/atmel/as7/7.0/toolchain/avr8/avr8-gnu-toolchain/bin/../lib/gcc/avr/4.9.2/../../../../avr/lib/avrxmega6\libm.a(fp_nan.o)
 .data          0x00000000        0x0 e:/atmel/as7/7.0/toolchain/avr8/avr8-gnu-toolchain/bin/../lib/gcc/avr/4.9.2/../../../../avr/lib/avrxmega6\libm.a(fp_nan.o)
 .bss           0x00000000        0x0 e:/atmel/as7/7.0/toolchain/avr8/avr8-gnu-toolchain/bin/../lib/gcc/avr/4.9.2/../../../../avr/lib/avrxmega6\libm.a(fp_nan.o)
 .text          0x00000000        0x0 e:/atmel/as7/7.0/toolchain/avr8/avr8-gnu-toolchain/bin/../lib/gcc/avr/4.9.2/../../../../avr/lib/avrxmega6\libm.a(fp_pscA.o)
 .data          0x00000000        0x0 e:/atmel/as7/7.0/toolchain/avr8/avr8-gnu-toolchain/bin/../lib/gcc/avr/4.9.2/../../../../avr/lib/avrxmega6\libm.a(fp_pscA.o)
 .bss           0x00000000        0x0 e:/atmel/as7/7.0/toolchain/avr8/avr8-gnu-toolchain/bin/../lib/gcc/avr/4.9.2/../../../../avr/lib/avrxmega6\libm.a(fp_pscA.o)
 .text          0x00000000        0x0 e:/atmel/as7/7.0/toolchain/avr8/avr8-gnu-toolchain/bin/../lib/gcc/avr/4.9.2/../../../../avr/lib/avrxmega6\libm.a(fp_pscB.o)
 .data          0x00000000        0x0 e:/atmel/as7/7.0/toolchain/avr8/avr8-gnu-toolchain/bin/../lib/gcc/avr/4.9.2/../../../../avr/lib/avrxmega6\libm.a(fp_pscB.o)
 .bss           0x00000000        0x0 e:/atmel/as7/7.0/toolchain/avr8/avr8-gnu-toolchain/bin/../lib/gcc/avr/4.9.2/../../../../avr/lib/avrxmega6\libm.a(fp_pscB.o)
 .text          0x00000000        0x0 e:/atmel/as7/7.0/toolchain/avr8/avr8-gnu-toolchain/bin/../lib/gcc/avr/4.9.2/../../../../avr/lib/avrxmega6\libm.a(fp_round.o)
 .data          0x00000000        0x0 e:/atmel/as7/7.0/toolchain/avr8/avr8-gnu-toolchain/bin/../lib/gcc/avr/4.9.2/../../../../avr/lib/avrxmega6\libm.a(fp_round.o)
 .bss           0x00000000        0x0 e:/atmel/as7/7.0/toolchain/avr8/avr8-gnu-toolchain/bin/../lib/gcc/avr/4.9.2/../../../../avr/lib/avrxmega6\libm.a(fp_round.o)
 .text          0x00000000        0x0 e:/atmel/as7/7.0/toolchain/avr8/avr8-gnu-toolchain/bin/../lib/gcc/avr/4.9.2/../../../../avr/lib/avrxmega6\libm.a(fp_split3.o)
 .data          0x00000000        0x0 e:/atmel/as7/7.0/toolchain/avr8/avr8-gnu-toolchain/bin/../lib/gcc/avr/4.9.2/../../../../avr/lib/avrxmega6\libm.a(fp_split3.o)
 .bss           0x00000000        0x0 e:/atmel/as7/7.0/toolchain/avr8/avr8-gnu-toolchain/bin/../lib/gcc/avr/4.9.2/../../../../avr/lib/avrxmega6\libm.a(fp_split3.o)
 .text          0x00000000        0x0 e:/atmel/as7/7.0/toolchain/avr8/avr8-gnu-toolchain/bin/../lib/gcc/avr/4.9.2/../../../../avr/lib/avrxmega6\libm.a(fp_zero.o)
 .data          0x00000000        0x0 e:/atmel/as7/7.0/toolchain/avr8/avr8-gnu-toolchain/bin/../lib/gcc/avr/4.9.2/../../../../avr/lib/avrxmega6\libm.a(fp_zero.o)
 .bss           0x00000000        0x0 e:/atmel/as7/7.0/toolchain/avr8/avr8-gnu-toolchain/bin/../lib/gcc/avr/4.9.2/../../../../avr/lib/avrxmega6\libm.a(fp_zero.o)
 .text          0x00000000        0x0 e:/atmel/as7/7.0/toolchain/avr8/avr8-gnu-toolchain/bin/../lib/gcc/avr/4.9.2/../../../../avr/lib/avrxmega6\libm.a(gesf2.o)
 .data          0x00000000        0x0 e:/atmel/as7/7.0/toolchain/avr8/avr8-gnu-toolchain/bin/../lib/gcc/avr/4.9.2/../../../../avr/lib/avrxmega6\libm.a(gesf2.o)
 .bss           0x00000000        0x0 e:/atmel/as7/7.0/toolchain/avr8/avr8-gnu-toolchain/bin/../lib/gcc/avr/4.9.2/../../../../avr/lib/avrxmega6\libm.a(gesf2.o)
 .text          0x00000000        0x0 e:/atmel/as7/7.0/toolchain/avr8/avr8-gnu-toolchain/bin/../lib/gcc/avr/4.9.2/../../../../avr/lib/avrxmega6\libm.a(mulsf3.o)
 .data          0x00000000        0x0 e:/atmel/as7/7.0/toolchain/avr8/avr8-gnu-toolchain/bin/../lib/gcc/avr/4.9.2/../../../../avr/lib/avrxmega6\libm.a(mulsf3.o)
 .bss           0x00000000        0x0 e:/atmel/as7/7.0/toolchain/avr8/avr8-gnu-toolchain/bin/../lib/gcc/avr/4.9.2/../../../../avr/lib/avrxmega6\libm.a(mulsf3.o)
 .text          0x00000000        0x0 e:/atmel/as7/7.0/toolchain/avr8/avr8-gnu-toolchain/bin/../lib/gcc/avr/4.9.2/../../../../avr/lib/avrxmega6\libm.a(mulsf3x.o)
 .data          0x00000000        0x0 e:/atmel/as7/7.0/toolchain/avr8/avr8-gnu-toolchain/bin/../lib/gcc/avr/4.9.2/../../../../avr/lib/avrxmega6\libm.a(mulsf3x.o)
 .bss           0x00000000        0x0 e:/atmel/as7/7.0/toolchain/avr8/avr8-gnu-toolchain/bin/../lib/gcc/avr/4.9.2/../../../../avr/lib/avrxmega6\libm.a(mulsf3x.o)
 .text          0x00000000        0x0 e:/atmel/as7/7.0/toolchain/avr8/avr8-gnu-toolchain/bin/../lib/gcc/avr/4.9.2/../../../../avr/lib/avrxmega6\libm.a(pow.o)
 .data          0x00000000        0x0 e:/atmel/as7/7.0/toolchain/avr8/avr8-gnu-toolchain/bin/../lib/gcc/avr/4.9.2/../../../../avr/lib/avrxmega6\libm.a(pow.o)
 .bss           0x00000000        0x0 e:/atmel/as7/7.0/toolchain/avr8/avr8-gnu-toolchain/bin/../lib/gcc/avr/4.9.2/../../../../avr/lib/avrxmega6\libm.a(pow.o)
 .text          0x00000000        0x0 e:/atmel/as7/7.0/toolchain/avr8/avr8-gnu-toolchain/bin/../lib/gcc/avr/4.9.2/../../../../avr/lib/avrxmega6\libm.a(trunc.o)
 .data          0x00000000        0x0 e:/atmel/as7/7.0/toolchain/avr8/avr8-gnu-toolchain/bin/../lib/gcc/avr/4.9.2/../../../../avr/lib/avrxmega6\libm.a(trunc.o)
 .bss           0x00000000        0x0 e:/atmel/as7/7.0/toolchain/avr8/avr8-gnu-toolchain/bin/../lib/gcc/avr/4.9.2/../../../../avr/lib/avrxmega6\libm.a(trunc.o)
 .text          0x00000000        0x0 e:/atmel/as7/7.0/toolchain/avr8/avr8-gnu-toolchain/bin/../lib/gcc/avr/4.9.2/../../../../avr/lib/avrxmega6\libm.a(exp.o)
 .data          0x00000000        0x0 e:/atmel/as7/7.0/toolchain/avr8/avr8-gnu-toolchain/bin/../lib/gcc/avr/4.9.2/../../../../avr/lib/avrxmega6\libm.a(exp.o)
 .bss           0x00000000        0x0 e:/atmel/as7/7.0/toolchain/avr8/avr8-gnu-toolchain/bin/../lib/gcc/avr/4.9.2/../../../../avr/lib/avrxmega6\libm.a(exp.o)
 .text          0x00000000        0x0 e:/atmel/as7/7.0/toolchain/avr8/avr8-gnu-toolchain/bin/../lib/gcc/avr/4.9.2/../../../../avr/lib/avrxmega6\libm.a(fp_mintl.o)
 .data          0x00000000        0x0 e:/atmel/as7/7.0/toolchain/avr8/avr8-gnu-toolchain/bin/../lib/gcc/avr/4.9.2/../../../../avr/lib/avrxmega6\libm.a(fp_mintl.o)
 .bss           0x00000000        0x0 e:/atmel/as7/7.0/toolchain/avr8/avr8-gnu-toolchain/bin/../lib/gcc/avr/4.9.2/../../../../avr/lib/avrxmega6\libm.a(fp_mintl.o)
 .text          0x00000000        0x0 e:/atmel/as7/7.0/toolchain/avr8/avr8-gnu-toolchain/bin/../lib/gcc/avr/4.9.2/../../../../avr/lib/avrxmega6\libm.a(fp_mpack.o)
 .data          0x00000000        0x0 e:/atmel/as7/7.0/toolchain/avr8/avr8-gnu-toolchain/bin/../lib/gcc/avr/4.9.2/../../../../avr/lib/avrxmega6\libm.a(fp_mpack.o)
 .bss           0x00000000        0x0 e:/atmel/as7/7.0/toolchain/avr8/avr8-gnu-toolchain/bin/../lib/gcc/avr/4.9.2/../../../../avr/lib/avrxmega6\libm.a(fp_mpack.o)
 .text          0x00000000        0x0 e:/atmel/as7/7.0/toolchain/avr8/avr8-gnu-toolchain/bin/../lib/gcc/avr/4.9.2/../../../../avr/lib/avrxmega6\libm.a(fp_powser.o)
 .data          0x00000000        0x0 e:/atmel/as7/7.0/toolchain/avr8/avr8-gnu-toolchain/bin/../lib/gcc/avr/4.9.2/../../../../avr/lib/avrxmega6\libm.a(fp_powser.o)
 .bss           0x00000000        0x0 e:/atmel/as7/7.0/toolchain/avr8/avr8-gnu-toolchain/bin/../lib/gcc/avr/4.9.2/../../../../avr/lib/avrxmega6\libm.a(fp_powser.o)
 .text          0x00000000        0x0 e:/atmel/as7/7.0/toolchain/avr8/avr8-gnu-toolchain/bin/../lib/gcc/avr/4.9.2/../../../../avr/lib/avrxmega6\libm.a(fp_trunc.o)
 .data          0x00000000        0x0 e:/atmel/as7/7.0/toolchain/avr8/avr8-gnu-toolchain/bin/../lib/gcc/avr/4.9.2/../../../../avr/lib/avrxmega6\libm.a(fp_trunc.o)
 .bss           0x00000000        0x0 e:/atmel/as7/7.0/toolchain/avr8/avr8-gnu-toolchain/bin/../lib/gcc/avr/4.9.2/../../../../avr/lib/avrxmega6\libm.a(fp_trunc.o)
 .text          0x00000000        0x0 e:/atmel/as7/7.0/toolchain/avr8/avr8-gnu-toolchain/bin/../lib/gcc/avr/4.9.2/../../../../avr/lib/avrxmega6\libm.a(inverse.o)
 .data          0x00000000        0x0 e:/atmel/as7/7.0/toolchain/avr8/avr8-gnu-toolchain/bin/../lib/gcc/avr/4.9.2/../../../../avr/lib/avrxmega6\libm.a(inverse.o)
 .bss           0x00000000        0x0 e:/atmel/as7/7.0/toolchain/avr8/avr8-gnu-toolchain/bin/../lib/gcc/avr/4.9.2/../../../../avr/lib/avrxmega6\libm.a(inverse.o)
 .text          0x00000000        0x0 e:/atmel/as7/7.0/toolchain/avr8/avr8-gnu-toolchain/bin/../lib/gcc/avr/4.9.2/../../../../avr/lib/avrxmega6\libm.a(ldexp.o)
 .data          0x00000000        0x0 e:/atmel/as7/7.0/toolchain/avr8/avr8-gnu-toolchain/bin/../lib/gcc/avr/4.9.2/../../../../avr/lib/avrxmega6\libm.a(ldexp.o)
 .bss           0x00000000        0x0 e:/atmel/as7/7.0/toolchain/avr8/avr8-gnu-toolchain/bin/../lib/gcc/avr/4.9.2/../../../../avr/lib/avrxmega6\libm.a(ldexp.o)
 .text          0x00000000        0x0 e:/atmel/as7/7.0/toolchain/avr8/avr8-gnu-toolchain/bin/../lib/gcc/avr/4.9.2/../../../../avr/lib/avrxmega6\libm.a(log.o)
 .data          0x00000000        0x0 e:/atmel/as7/7.0/toolchain/avr8/avr8-gnu-toolchain/bin/../lib/gcc/avr/4.9.2/../../../../avr/lib/avrxmega6\libm.a(log.o)
 .bss           0x00000000        0x0 e:/atmel/as7/7.0/toolchain/avr8/avr8-gnu-toolchain/bin/../lib/gcc/avr/4.9.2/../../../../avr/lib/avrxmega6\libm.a(log.o)
 .text          0x00000000        0x0 e:/atmel/as7/7.0/toolchain/avr8/avr8-gnu-toolchain/bin/../lib/gcc/avr/4.9.2/../../../../avr/lib/avrxmega6\libm.a(modf.o)
 .data          0x00000000        0x0 e:/atmel/as7/7.0/toolchain/avr8/avr8-gnu-toolchain/bin/../lib/gcc/avr/4.9.2/../../../../avr/lib/avrxmega6\libm.a(modf.o)
 .bss           0x00000000        0x0 e:/atmel/as7/7.0/toolchain/avr8/avr8-gnu-toolchain/bin/../lib/gcc/avr/4.9.2/../../../../avr/lib/avrxmega6\libm.a(modf.o)
 .text          0x00000000        0x0 e:/atmel/as7/7.0/toolchain/avr8/avr8-gnu-toolchain/bin/../lib/gcc/avr/4.9.2/avrxmega6\libgcc.a(_divmodhi4.o)
 .data          0x00000000        0x0 e:/atmel/as7/7.0/toolchain/avr8/avr8-gnu-toolchain/bin/../lib/gcc/avr/4.9.2/avrxmega6\libgcc.a(_divmodhi4.o)
 .bss           0x00000000        0x0 e:/atmel/as7/7.0/toolchain/avr8/avr8-gnu-toolchain/bin/../lib/gcc/avr/4.9.2/avrxmega6\libgcc.a(_divmodhi4.o)
 .text.libgcc.mul
                0x00000000        0x0 e:/atmel/as7/7.0/toolchain/avr8/avr8-gnu-toolchain/bin/../lib/gcc/avr/4.9.2/avrxmega6\libgcc.a(_divmodhi4.o)
 .text.libgcc   0x00000000        0x0 e:/atmel/as7/7.0/toolchain/avr8/avr8-gnu-toolchain/bin/../lib/gcc/avr/4.9.2/avrxmega6\libgcc.a(_divmodhi4.o)
 .text.libgcc.prologue
                0x00000000        0x0 e:/atmel/as7/7.0/toolchain/avr8/avr8-gnu-toolchain/bin/../lib/gcc/avr/4.9.2/avrxmega6\libgcc.a(_divmodhi4.o)
 .text.libgcc.builtins
                0x00000000        0x0 e:/atmel/as7/7.0/toolchain/avr8/avr8-gnu-toolchain/bin/../lib/gcc/avr/4.9.2/avrxmega6\libgcc.a(_divmodhi4.o)
 .text.libgcc.fmul
                0x00000000        0x0 e:/atmel/as7/7.0/toolchain/avr8/avr8-gnu-toolchain/bin/../lib/gcc/avr/4.9.2/avrxmega6\libgcc.a(_divmodhi4.o)
 .text.libgcc.fixed
                0x00000000        0x0 e:/atmel/as7/7.0/toolchain/avr8/avr8-gnu-toolchain/bin/../lib/gcc/avr/4.9.2/avrxmega6\libgcc.a(_divmodhi4.o)
 .text          0x00000000        0x0 e:/atmel/as7/7.0/toolchain/avr8/avr8-gnu-toolchain/bin/../lib/gcc/avr/4.9.2/avrxmega6\libgcc.a(_udivmodsi4.o)
 .data          0x00000000        0x0 e:/atmel/as7/7.0/toolchain/avr8/avr8-gnu-toolchain/bin/../lib/gcc/avr/4.9.2/avrxmega6\libgcc.a(_udivmodsi4.o)
 .bss           0x00000000        0x0 e:/atmel/as7/7.0/toolchain/avr8/avr8-gnu-toolchain/bin/../lib/gcc/avr/4.9.2/avrxmega6\libgcc.a(_udivmodsi4.o)
 .text.libgcc.mul
                0x00000000        0x0 e:/atmel/as7/7.0/toolchain/avr8/avr8-gnu-toolchain/bin/../lib/gcc/avr/4.9.2/avrxmega6\libgcc.a(_udivmodsi4.o)
 .text.libgcc   0x00000000        0x0 e:/atmel/as7/7.0/toolchain/avr8/avr8-gnu-toolchain/bin/../lib/gcc/avr/4.9.2/avrxmega6\libgcc.a(_udivmodsi4.o)
 .text.libgcc.prologue
                0x00000000        0x0 e:/atmel/as7/7.0/toolchain/avr8/avr8-gnu-toolchain/bin/../lib/gcc/avr/4.9.2/avrxmega6\libgcc.a(_udivmodsi4.o)
 .text.libgcc.builtins
                0x00000000        0x0 e:/atmel/as7/7.0/toolchain/avr8/avr8-gnu-toolchain/bin/../lib/gcc/avr/4.9.2/avrxmega6\libgcc.a(_udivmodsi4.o)
 .text.libgcc.fmul
                0x00000000        0x0 e:/atmel/as7/7.0/toolchain/avr8/avr8-gnu-toolchain/bin/../lib/gcc/avr/4.9.2/avrxmega6\libgcc.a(_udivmodsi4.o)
 .text.libgcc.fixed
                0x00000000        0x0 e:/atmel/as7/7.0/toolchain/avr8/avr8-gnu-toolchain/bin/../lib/gcc/avr/4.9.2/avrxmega6\libgcc.a(_udivmodsi4.o)
 .text          0x00000000        0x0 e:/atmel/as7/7.0/toolchain/avr8/avr8-gnu-toolchain/bin/../lib/gcc/avr/4.9.2/avrxmega6\libgcc.a(_divmodsi4.o)
 .data          0x00000000        0x0 e:/atmel/as7/7.0/toolchain/avr8/avr8-gnu-toolchain/bin/../lib/gcc/avr/4.9.2/avrxmega6\libgcc.a(_divmodsi4.o)
 .bss           0x00000000        0x0 e:/atmel/as7/7.0/toolchain/avr8/avr8-gnu-toolchain/bin/../lib/gcc/avr/4.9.2/avrxmega6\libgcc.a(_divmodsi4.o)
 .text.libgcc.mul
                0x00000000        0x0 e:/atmel/as7/7.0/toolchain/avr8/avr8-gnu-toolchain/bin/../lib/gcc/avr/4.9.2/avrxmega6\libgcc.a(_divmodsi4.o)
 .text.libgcc   0x00000000        0x0 e:/atmel/as7/7.0/toolchain/avr8/avr8-gnu-toolchain/bin/../lib/gcc/avr/4.9.2/avrxmega6\libgcc.a(_divmodsi4.o)
 .text.libgcc.prologue
                0x00000000        0x0 e:/atmel/as7/7.0/toolchain/avr8/avr8-gnu-toolchain/bin/../lib/gcc/avr/4.9.2/avrxmega6\libgcc.a(_divmodsi4.o)
 .text.libgcc.builtins
                0x00000000        0x0 e:/atmel/as7/7.0/toolchain/avr8/avr8-gnu-toolchain/bin/../lib/gcc/avr/4.9.2/avrxmega6\libgcc.a(_divmodsi4.o)
 .text.libgcc.fmul
                0x00000000        0x0 e:/atmel/as7/7.0/toolchain/avr8/avr8-gnu-toolchain/bin/../lib/gcc/avr/4.9.2/avrxmega6\libgcc.a(_divmodsi4.o)
 .text.libgcc.fixed
                0x00000000        0x0 e:/atmel/as7/7.0/toolchain/avr8/avr8-gnu-toolchain/bin/../lib/gcc/avr/4.9.2/avrxmega6\libgcc.a(_divmodsi4.o)
 .text          0x00000000        0x0 e:/atmel/as7/7.0/toolchain/avr8/avr8-gnu-toolchain/bin/../lib/gcc/avr/4.9.2/avrxmega6\libgcc.a(_negsi2.o)
 .data          0x00000000        0x0 e:/atmel/as7/7.0/toolchain/avr8/avr8-gnu-toolchain/bin/../lib/gcc/avr/4.9.2/avrxmega6\libgcc.a(_negsi2.o)
 .bss           0x00000000        0x0 e:/atmel/as7/7.0/toolchain/avr8/avr8-gnu-toolchain/bin/../lib/gcc/avr/4.9.2/avrxmega6\libgcc.a(_negsi2.o)
 .text.libgcc.mul
                0x00000000        0x0 e:/atmel/as7/7.0/toolchain/avr8/avr8-gnu-toolchain/bin/../lib/gcc/avr/4.9.2/avrxmega6\libgcc.a(_negsi2.o)
 .text.libgcc   0x00000000        0x0 e:/atmel/as7/7.0/toolchain/avr8/avr8-gnu-toolchain/bin/../lib/gcc/avr/4.9.2/avrxmega6\libgcc.a(_negsi2.o)
 .text.libgcc.prologue
                0x00000000        0x0 e:/atmel/as7/7.0/toolchain/avr8/avr8-gnu-toolchain/bin/../lib/gcc/avr/4.9.2/avrxmega6\libgcc.a(_negsi2.o)
 .text.libgcc.builtins
                0x00000000        0x0 e:/atmel/as7/7.0/toolchain/avr8/avr8-gnu-toolchain/bin/../lib/gcc/avr/4.9.2/avrxmega6\libgcc.a(_negsi2.o)
 .text.libgcc.fmul
                0x00000000        0x0 e:/atmel/as7/7.0/toolchain/avr8/avr8-gnu-toolchain/bin/../lib/gcc/avr/4.9.2/avrxmega6\libgcc.a(_negsi2.o)
 .text.libgcc.fixed
                0x00000000        0x0 e:/atmel/as7/7.0/toolchain/avr8/avr8-gnu-toolchain/bin/../lib/gcc/avr/4.9.2/avrxmega6\libgcc.a(_negsi2.o)
 .text          0x00000000        0x0 e:/atmel/as7/7.0/toolchain/avr8/avr8-gnu-toolchain/bin/../lib/gcc/avr/4.9.2/avrxmega6\libgcc.a(_exit.o)
 .data          0x00000000        0x0 e:/atmel/as7/7.0/toolchain/avr8/avr8-gnu-toolchain/bin/../lib/gcc/avr/4.9.2/avrxmega6\libgcc.a(_exit.o)
 .bss           0x00000000        0x0 e:/atmel/as7/7.0/toolchain/avr8/avr8-gnu-toolchain/bin/../lib/gcc/avr/4.9.2/avrxmega6\libgcc.a(_exit.o)
 .text.libgcc.mul
                0x00000000        0x0 e:/atmel/as7/7.0/toolchain/avr8/avr8-gnu-toolchain/bin/../lib/gcc/avr/4.9.2/avrxmega6\libgcc.a(_exit.o)
 .text.libgcc.div
                0x00000000        0x0 e:/atmel/as7/7.0/toolchain/avr8/avr8-gnu-toolchain/bin/../lib/gcc/avr/4.9.2/avrxmega6\libgcc.a(_exit.o)
 .text.libgcc   0x00000000        0x0 e:/atmel/as7/7.0/toolchain/avr8/avr8-gnu-toolchain/bin/../lib/gcc/avr/4.9.2/avrxmega6\libgcc.a(_exit.o)
 .text.libgcc.prologue
                0x00000000        0x0 e:/atmel/as7/7.0/toolchain/avr8/avr8-gnu-toolchain/bin/../lib/gcc/avr/4.9.2/avrxmega6\libgcc.a(_exit.o)
 .text.libgcc.builtins
                0x00000000        0x0 e:/atmel/as7/7.0/toolchain/avr8/avr8-gnu-toolchain/bin/../lib/gcc/avr/4.9.2/avrxmega6\libgcc.a(_exit.o)
 .text.libgcc.fmul
                0x00000000        0x0 e:/atmel/as7/7.0/toolchain/avr8/avr8-gnu-toolchain/bin/../lib/gcc/avr/4.9.2/avrxmega6\libgcc.a(_exit.o)
 .text.libgcc.fixed
                0x00000000        0x0 e:/atmel/as7/7.0/toolchain/avr8/avr8-gnu-toolchain/bin/../lib/gcc/avr/4.9.2/avrxmega6\libgcc.a(_exit.o)
 .text          0x00000000        0x0 e:/atmel/as7/7.0/toolchain/avr8/avr8-gnu-toolchain/bin/../lib/gcc/avr/4.9.2/avrxmega6\libgcc.a(_tablejump2.o)
 .data          0x00000000        0x0 e:/atmel/as7/7.0/toolchain/avr8/avr8-gnu-toolchain/bin/../lib/gcc/avr/4.9.2/avrxmega6\libgcc.a(_tablejump2.o)
 .bss           0x00000000        0x0 e:/atmel/as7/7.0/toolchain/avr8/avr8-gnu-toolchain/bin/../lib/gcc/avr/4.9.2/avrxmega6\libgcc.a(_tablejump2.o)
 .text.libgcc.mul
                0x00000000        0x0 e:/atmel/as7/7.0/toolchain/avr8/avr8-gnu-toolchain/bin/../lib/gcc/avr/4.9.2/avrxmega6\libgcc.a(_tablejump2.o)
 .text.libgcc.div
                0x00000000        0x0 e:/atmel/as7/7.0/toolchain/avr8/avr8-gnu-toolchain/bin/../lib/gcc/avr/4.9.2/avrxmega6\libgcc.a(_tablejump2.o)
 .text.libgcc.prologue
                0x00000000        0x0 e:/atmel/as7/7.0/toolchain/avr8/avr8-gnu-toolchain/bin/../lib/gcc/avr/4.9.2/avrxmega6\libgcc.a(_tablejump2.o)
 .text.libgcc.builtins
                0x00000000        0x0 e:/atmel/as7/7.0/toolchain/avr8/avr8-gnu-toolchain/bin/../lib/gcc/avr/4.9.2/avrxmega6\libgcc.a(_tablejump2.o)
 .text.libgcc.fmul
                0x00000000        0x0 e:/atmel/as7/7.0/toolchain/avr8/avr8-gnu-toolchain/bin/../lib/gcc/avr/4.9.2/avrxmega6\libgcc.a(_tablejump2.o)
 .text.libgcc.fixed
                0x00000000        0x0 e:/atmel/as7/7.0/toolchain/avr8/avr8-gnu-toolchain/bin/../lib/gcc/avr/4.9.2/avrxmega6\libgcc.a(_tablejump2.o)
 .text          0x00000000        0x0 e:/atmel/as7/7.0/toolchain/avr8/avr8-gnu-toolchain/bin/../lib/gcc/avr/4.9.2/avrxmega6\libgcc.a(_copy_data.o)
 .data          0x00000000        0x0 e:/atmel/as7/7.0/toolchain/avr8/avr8-gnu-toolchain/bin/../lib/gcc/avr/4.9.2/avrxmega6\libgcc.a(_copy_data.o)
 .bss           0x00000000        0x0 e:/atmel/as7/7.0/toolchain/avr8/avr8-gnu-toolchain/bin/../lib/gcc/avr/4.9.2/avrxmega6\libgcc.a(_copy_data.o)
 .text.libgcc.mul
                0x00000000        0x0 e:/atmel/as7/7.0/toolchain/avr8/avr8-gnu-toolchain/bin/../lib/gcc/avr/4.9.2/avrxmega6\libgcc.a(_copy_data.o)
 .text.libgcc.div
                0x00000000        0x0 e:/atmel/as7/7.0/toolchain/avr8/avr8-gnu-toolchain/bin/../lib/gcc/avr/4.9.2/avrxmega6\libgcc.a(_copy_data.o)
 .text.libgcc   0x00000000        0x0 e:/atmel/as7/7.0/toolchain/avr8/avr8-gnu-toolchain/bin/../lib/gcc/avr/4.9.2/avrxmega6\libgcc.a(_copy_data.o)
 .text.libgcc.prologue
                0x00000000        0x0 e:/atmel/as7/7.0/toolchain/avr8/avr8-gnu-toolchain/bin/../lib/gcc/avr/4.9.2/avrxmega6\libgcc.a(_copy_data.o)
 .text.libgcc.builtins
                0x00000000        0x0 e:/atmel/as7/7.0/toolchain/avr8/avr8-gnu-toolchain/bin/../lib/gcc/avr/4.9.2/avrxmega6\libgcc.a(_copy_data.o)
 .text.libgcc.fmul
                0x00000000        0x0 e:/atmel/as7/7.0/toolchain/avr8/avr8-gnu-toolchain/bin/../lib/gcc/avr/4.9.2/avrxmega6\libgcc.a(_copy_data.o)
 .text.libgcc.fixed
                0x00000000        0x0 e:/atmel/as7/7.0/toolchain/avr8/avr8-gnu-toolchain/bin/../lib/gcc/avr/4.9.2/avrxmega6\libgcc.a(_copy_data.o)
 .text          0x00000000        0x0 e:/atmel/as7/7.0/toolchain/avr8/avr8-gnu-toolchain/bin/../lib/gcc/avr/4.9.2/avrxmega6\libgcc.a(_clear_bss.o)
 .data          0x00000000        0x0 e:/atmel/as7/7.0/toolchain/avr8/avr8-gnu-toolchain/bin/../lib/gcc/avr/4.9.2/avrxmega6\libgcc.a(_clear_bss.o)
 .bss           0x00000000        0x0 e:/atmel/as7/7.0/toolchain/avr8/avr8-gnu-toolchain/bin/../lib/gcc/avr/4.9.2/avrxmega6\libgcc.a(_clear_bss.o)
 .text.libgcc.mul
                0x00000000        0x0 e:/atmel/as7/7.0/toolchain/avr8/avr8-gnu-toolchain/bin/../lib/gcc/avr/4.9.2/avrxmega6\libgcc.a(_clear_bss.o)
 .text.libgcc.div
                0x00000000        0x0 e:/atmel/as7/7.0/toolchain/avr8/avr8-gnu-toolchain/bin/../lib/gcc/avr/4.9.2/avrxmega6\libgcc.a(_clear_bss.o)
 .text.libgcc   0x00000000        0x0 e:/atmel/as7/7.0/toolchain/avr8/avr8-gnu-toolchain/bin/../lib/gcc/avr/4.9.2/avrxmega6\libgcc.a(_clear_bss.o)
 .text.libgcc.prologue
                0x00000000        0x0 e:/atmel/as7/7.0/toolchain/avr8/avr8-gnu-toolchain/bin/../lib/gcc/avr/4.9.2/avrxmega6\libgcc.a(_clear_bss.o)
 .text.libgcc.builtins
                0x00000000        0x0 e:/atmel/as7/7.0/toolchain/avr8/avr8-gnu-toolchain/bin/../lib/gcc/avr/4.9.2/avrxmega6\libgcc.a(_clear_bss.o)
 .text.libgcc.fmul
                0x00000000        0x0 e:/atmel/as7/7.0/toolchain/avr8/avr8-gnu-toolchain/bin/../lib/gcc/avr/4.9.2/avrxmega6\libgcc.a(_clear_bss.o)
 .text.libgcc.fixed
                0x00000000        0x0 e:/atmel/as7/7.0/toolchain/avr8/avr8-gnu-toolchain/bin/../lib/gcc/avr/4.9.2/avrxmega6\libgcc.a(_clear_bss.o)
 .text          0x00000000        0x0 e:/atmel/as7/7.0/toolchain/avr8/avr8-gnu-toolchain/bin/../lib/gcc/avr/4.9.2/avrxmega6\libgcc.a(_umulhisi3.o)
 .data          0x00000000        0x0 e:/atmel/as7/7.0/toolchain/avr8/avr8-gnu-toolchain/bin/../lib/gcc/avr/4.9.2/avrxmega6\libgcc.a(_umulhisi3.o)
 .bss           0x00000000        0x0 e:/atmel/as7/7.0/toolchain/avr8/avr8-gnu-toolchain/bin/../lib/gcc/avr/4.9.2/avrxmega6\libgcc.a(_umulhisi3.o)
 .text.libgcc.div
                0x00000000        0x0 e:/atmel/as7/7.0/toolchain/avr8/avr8-gnu-toolchain/bin/../lib/gcc/avr/4.9.2/avrxmega6\libgcc.a(_umulhisi3.o)
 .text.libgcc   0x00000000        0x0 e:/atmel/as7/7.0/toolchain/avr8/avr8-gnu-toolchain/bin/../lib/gcc/avr/4.9.2/avrxmega6\libgcc.a(_umulhisi3.o)
 .text.libgcc.prologue
                0x00000000        0x0 e:/atmel/as7/7.0/toolchain/avr8/avr8-gnu-toolchain/bin/../lib/gcc/avr/4.9.2/avrxmega6\libgcc.a(_umulhisi3.o)
 .text.libgcc.builtins
                0x00000000        0x0 e:/atmel/as7/7.0/toolchain/avr8/avr8-gnu-toolchain/bin/../lib/gcc/avr/4.9.2/avrxmega6\libgcc.a(_umulhisi3.o)
 .text.libgcc.fmul
                0x00000000        0x0 e:/atmel/as7/7.0/toolchain/avr8/avr8-gnu-toolchain/bin/../lib/gcc/avr/4.9.2/avrxmega6\libgcc.a(_umulhisi3.o)
 .text.libgcc.fixed
                0x00000000        0x0 e:/atmel/as7/7.0/toolchain/avr8/avr8-gnu-toolchain/bin/../lib/gcc/avr/4.9.2/avrxmega6\libgcc.a(_umulhisi3.o)
 .text          0x00000000        0x0 e:/atmel/as7/7.0/toolchain/avr8/avr8-gnu-toolchain/bin/../lib/gcc/avr/4.9.2/avrxmega6\libgcc.a(_udivmodhi4.o)
 .data          0x00000000        0x0 e:/atmel/as7/7.0/toolchain/avr8/avr8-gnu-toolchain/bin/../lib/gcc/avr/4.9.2/avrxmega6\libgcc.a(_udivmodhi4.o)
 .bss           0x00000000        0x0 e:/atmel/as7/7.0/toolchain/avr8/avr8-gnu-toolchain/bin/../lib/gcc/avr/4.9.2/avrxmega6\libgcc.a(_udivmodhi4.o)
 .text.libgcc.mul
                0x00000000        0x0 e:/atmel/as7/7.0/toolchain/avr8/avr8-gnu-toolchain/bin/../lib/gcc/avr/4.9.2/avrxmega6\libgcc.a(_udivmodhi4.o)
 .text.libgcc   0x00000000        0x0 e:/atmel/as7/7.0/toolchain/avr8/avr8-gnu-toolchain/bin/../lib/gcc/avr/4.9.2/avrxmega6\libgcc.a(_udivmodhi4.o)
 .text.libgcc.prologue
                0x00000000        0x0 e:/atmel/as7/7.0/toolchain/avr8/avr8-gnu-toolchain/bin/../lib/gcc/avr/4.9.2/avrxmega6\libgcc.a(_udivmodhi4.o)
 .text.libgcc.builtins
                0x00000000        0x0 e:/atmel/as7/7.0/toolchain/avr8/avr8-gnu-toolchain/bin/../lib/gcc/avr/4.9.2/avrxmega6\libgcc.a(_udivmodhi4.o)
 .text.libgcc.fmul
                0x00000000        0x0 e:/atmel/as7/7.0/toolchain/avr8/avr8-gnu-toolchain/bin/../lib/gcc/avr/4.9.2/avrxmega6\libgcc.a(_udivmodhi4.o)
 .text.libgcc.fixed
                0x00000000        0x0 e:/atmel/as7/7.0/toolchain/avr8/avr8-gnu-toolchain/bin/../lib/gcc/avr/4.9.2/avrxmega6\libgcc.a(_udivmodhi4.o)

Memory Configuration

Name             Origin             Length             Attributes
text             0x00000000         0x00100000         xr
data             0x00802000         0x0000ffa0         rw !x
eeprom           0x00810000         0x00010000         rw !x
fuse             0x00820000         0x00000400         rw !x
lock             0x00830000         0x00000400         rw !x
signature        0x00840000         0x00000400         rw !x
user_signatures  0x00850000         0x00000400         rw !x
*default*        0x00000000         0xffffffff

Linker script and memory map

LOAD E:/Atmel/AS7/7.0/Packs/atmel/XMEGAA_DFP/1.0.36/gcc/dev/atxmega256a3bu/avrxmega6/crtatxmega256a3bu.o
LOAD ADC.o
LOAD CanSat.o
LOAD I2C.o
LOAD SPI.o
LOAD Initialization.o
LOAD LIS331HH.o
LOAD LPS25H.o
LOAD LSM9DS0.o
LOAD MPU9150.o
LOAD util.o
START GROUP
LOAD e:/atmel/as7/7.0/toolchain/avr8/avr8-gnu-toolchain/bin/../lib/gcc/avr/4.9.2/../../../../avr/lib/avrxmega6\libm.a
END GROUP
START GROUP
LOAD e:/atmel/as7/7.0/toolchain/avr8/avr8-gnu-toolchain/bin/../lib/gcc/avr/4.9.2/avrxmega6\libgcc.a
LOAD e:/atmel/as7/7.0/toolchain/avr8/avr8-gnu-toolchain/bin/../lib/gcc/avr/4.9.2/../../../../avr/lib/avrxmega6\libm.a
LOAD e:/atmel/as7/7.0/toolchain/avr8/avr8-gnu-toolchain/bin/../lib/gcc/avr/4.9.2/../../../../avr/lib/avrxmega6\libc.a
LOAD E:/Atmel/AS7/7.0/Packs/atmel/XMEGAA_DFP/1.0.36/gcc/dev/atxmega256a3bu/avrxmega6\libatxmega256a3bu.a
END GROUP

.hash
 *(.hash)

.dynsym
 *(.dynsym)

.dynstr
 *(.dynstr)

.gnu.version
 *(.gnu.version)

.gnu.version_d
 *(.gnu.version_d)

.gnu.version_r
 *(.gnu.version_r)

.rel.init
 *(.rel.init)

.rela.init
 *(.rela.init)

.rel.text
 *(.rel.text)
 *(.rel.text.*)
 *(.rel.gnu.linkonce.t*)

.rela.text
 *(.rela.text)
 *(.rela.text.*)
 *(.rela.gnu.linkonce.t*)

.rel.fini
 *(.rel.fini)

.rela.fini
 *(.rela.fini)

.rel.rodata
 *(.rel.rodata)
 *(.rel.rodata.*)
 *(.rel.gnu.linkonce.r*)

.rela.rodata
 *(.rela.rodata)
 *(.rela.rodata.*)
 *(.rela.gnu.linkonce.r*)

.rel.data
 *(.rel.data)
 *(.rel.data.*)
 *(.rel.gnu.linkonce.d*)

.rela.data
 *(.rela.data)
 *(.rela.data.*)
 *(.rela.gnu.linkonce.d*)

.rel.ctors
 *(.rel.ctors)

.rela.ctors
 *(.rela.ctors)

.rel.dtors
 *(.rel.dtors)

.rela.dtors
 *(.rela.dtors)

.rel.got
 *(.rel.got)

.rela.got
 *(.rela.got)

.rel.bss
 *(.rel.bss)

.rela.bss
 *(.rela.bss)

.rel.plt
 *(.rel.plt)

.rela.plt
 *(.rela.plt)

.text           0x00000000     0x5132
 *(.vectors)
 .vectors       0x00000000      0x1fc E:/Atmel/AS7/7.0/Packs/atmel/XMEGAA_DFP/1.0.36/gcc/dev/atxmega256a3bu/avrxmega6/crtatxmega256a3bu.o
                0x00000000                __vectors
 *(.vectors)
 *(.progmem.gcc*)
 .progmem.gcc_sw_table.__vector_119
                0x000001fc       0x12 CanSat.o
 .progmem.gcc_sw_table.StateUpdate
                0x0000020e       0x12 CanSat.o
 .progmem.gcc_fplib
                0x00000220       0x28 e:/atmel/as7/7.0/toolchain/avr8/avr8-gnu-toolchain/bin/../lib/gcc/avr/4.9.2/../../../../avr/lib/avrxmega6\libm.a(exp.o)
 .progmem.gcc_fplib
                0x00000248       0x5a e:/atmel/as7/7.0/toolchain/avr8/avr8-gnu-toolchain/bin/../lib/gcc/avr/4.9.2/../../../../avr/lib/avrxmega6\libm.a(log.o)
                0x000002a2                . = ALIGN (0x2)
                0x000002a2                __trampolines_start = .
 *(.trampolines)
 .trampolines   0x000002a2        0x0 linker stubs
 *(.trampolines*)
                0x000002a2                __trampolines_end = .
 *(.progmem*)
                0x000002a2                . = ALIGN (0x2)
 *(.jumptables)
 *(.jumptables*)
 *(.lowtext)
 *(.lowtext*)
                0x000002a2                __ctors_start = .
 *(.ctors)
                0x000002a2                __ctors_end = .
                0x000002a2                __dtors_start = .
 *(.dtors)
                0x000002a2                __dtors_end = .
 SORT(*)(.ctors)
 SORT(*)(.dtors)
 *(.init0)
 .init0         0x000002a2        0x0 E:/Atmel/AS7/7.0/Packs/atmel/XMEGAA_DFP/1.0.36/gcc/dev/atxmega256a3bu/avrxmega6/crtatxmega256a3bu.o
                0x000002a2                __init
 *(.init0)
 *(.init1)
 *(.init1)
 *(.init2)
 .init2         0x000002a2       0x10 E:/Atmel/AS7/7.0/Packs/atmel/XMEGAA_DFP/1.0.36/gcc/dev/atxmega256a3bu/avrxmega6/crtatxmega256a3bu.o
 *(.init2)
 *(.init3)
 *(.init3)
 *(.init4)
 .init4         0x000002b2       0x1a e:/atmel/as7/7.0/toolchain/avr8/avr8-gnu-toolchain/bin/../lib/gcc/avr/4.9.2/avrxmega6\libgcc.a(_copy_data.o)
                0x000002b2                __do_copy_data
 .init4         0x000002cc       0x10 e:/atmel/as7/7.0/toolchain/avr8/avr8-gnu-toolchain/bin/../lib/gcc/avr/4.9.2/avrxmega6\libgcc.a(_clear_bss.o)
                0x000002cc                __do_clear_bss
 *(.init4)
 *(.init5)
 *(.init5)
 *(.init6)
 *(.init6)
 *(.init7)
 *(.init7)
 *(.init8)
 *(.init8)
 *(.init9)
 .init9         0x000002dc        0x8 E:/Atmel/AS7/7.0/Packs/atmel/XMEGAA_DFP/1.0.36/gcc/dev/atxmega256a3bu/avrxmega6/crtatxmega256a3bu.o
 *(.init9)
 *(.text)
 .text          0x000002e4        0x2 E:/Atmel/AS7/7.0/Packs/atmel/XMEGAA_DFP/1.0.36/gcc/dev/atxmega256a3bu/avrxmega6/crtatxmega256a3bu.o
                0x000002e4                __vector_38
                0x000002e4                __vector_104
                0x000002e4                __vector_22
                0x000002e4                __vector_63
                0x000002e4                __vector_28
                0x000002e4                __vector_67
                0x000002e4                __vector_1
                0x000002e4                __vector_32
                0x000002e4                __vector_75
                0x000002e4                __vector_71
                0x000002e4                __vector_91
                0x000002e4                __vector_34
                0x000002e4                __vector_62
                0x000002e4                __vector_102
                0x000002e4                __vector_24
                0x000002e4                __vector_12
                0x000002e4                __vector_55
                0x000002e4                __vector_69
                0x000002e4                __vector_81
                0x000002e4                __vector_46
                0x000002e4                __bad_interrupt
                0x000002e4                __vector_122
                0x000002e4                __vector_72
                0x000002e4                __vector_114
                0x000002e4                __vector_6
                0x000002e4                __vector_110
                0x000002e4                __vector_31
                0x000002e4                __vector_92
                0x000002e4                __vector_35
                0x000002e4                __vector_78
                0x000002e4                __vector_74
                0x000002e4                __vector_117
                0x000002e4                __vector_39
                0x000002e4                __vector_107
                0x000002e4                __vector_3
                0x000002e4                __vector_105
                0x000002e4                __vector_98
                0x000002e4                __vector_23
                0x000002e4                __vector_68
                0x000002e4                __vector_30
                0x000002e4                __vector_73
                0x000002e4                __vector_45
                0x000002e4                __vector_25
                0x000002e4                __vector_93
                0x000002e4                __vector_61
                0x000002e4                __vector_11
                0x000002e4                __vector_54
                0x000002e4                __vector_99
                0x000002e4                __vector_13
                0x000002e4                __vector_17
                0x000002e4                __vector_19
                0x000002e4                __vector_56
                0x000002e4                __vector_7
                0x000002e4                __vector_125
                0x000002e4                __vector_49
                0x000002e4                __vector_123
                0x000002e4                __vector_41
                0x000002e4                __vector_86
                0x000002e4                __vector_100
                0x000002e4                __vector_101
                0x000002e4                __vector_64
                0x000002e4                __vector_109
                0x000002e4                __vector_43
                0x000002e4                __vector_27
                0x000002e4                __vector_5
                0x000002e4                __vector_113
                0x000002e4                __vector_33
                0x000002e4                __vector_76
                0x000002e4                __vector_115
                0x000002e4                __vector_52
                0x000002e4                __vector_37
                0x000002e4                __vector_95
                0x000002e4                __vector_103
                0x000002e4                __vector_96
                0x000002e4                __vector_89
                0x000002e4                __vector_4
                0x000002e4                __vector_44
                0x000002e4                __vector_82
                0x000002e4                __vector_106
                0x000002e4                __vector_118
                0x000002e4                __vector_51
                0x000002e4                __vector_9
                0x000002e4                __vector_2
                0x000002e4                __vector_21
                0x000002e4                __vector_15
                0x000002e4                __vector_66
                0x000002e4                __vector_36
                0x000002e4                __vector_79
                0x000002e4                __vector_58
                0x000002e4                __vector_70
                0x000002e4                __vector_83
                0x000002e4                __vector_29
                0x000002e4                __vector_60
                0x000002e4                __vector_121
                0x000002e4                __vector_40
                0x000002e4                __vector_85
                0x000002e4                __vector_94
                0x000002e4                __vector_126
                0x000002e4                __vector_8
                0x000002e4                __vector_26
                0x000002e4                __vector_48
                0x000002e4                __vector_124
                0x000002e4                __vector_116
                0x000002e4                __vector_112
                0x000002e4                __vector_111
                0x000002e4                __vector_80
                0x000002e4                __vector_84
                0x000002e4                __vector_57
                0x000002e4                __vector_53
                0x000002e4                __vector_10
                0x000002e4                __vector_50
                0x000002e4                __vector_16
                0x000002e4                __vector_59
                0x000002e4                __vector_18
                0x000002e4                __vector_97
                0x000002e4                __vector_20
                0x000002e4                __vector_42
                0x000002e4                __vector_87
                0x000002e4                __vector_65
                0x000002e4                __vector_120
                0x000002e6                . = ALIGN (0x2)
 *(.text.*)
 .text.ADC_Read
                0x000002e6      0x22c ADC.o
                0x000002e6                ADC_Read
 .text.__vector_default
                0x00000512       0x1e CanSat.o
                0x00000512                __vector_default
 .text.__vector_119
                0x00000530      0x1e4 CanSat.o
                0x00000530                __vector_119
 .text.__vector_90
                0x00000714       0x80 CanSat.o
                0x00000714                __vector_90
 .text.__vector_88
                0x00000794      0x1f8 CanSat.o
                0x00000794                __vector_88
 .text.__vector_14
                0x0000098c       0x40 CanSat.o
                0x0000098c                __vector_14
 .text.__vector_77
                0x000009cc       0x90 CanSat.o
                0x000009cc                __vector_77
 .text.__vector_47
                0x00000a5c       0x22 CanSat.o
                0x00000a5c                __vector_47
 .text.__vector_108
                0x00000a7e       0xe8 CanSat.o
                0x00000a7e                __vector_108
 .text.SensorCal
                0x00000b66      0x26c CanSat.o
                0x00000b66                SensorCal
 .text.structInit
                0x00000dd2       0xb0 CanSat.o
                0x00000dd2                structInit
 .text.BT_Start
                0x00000e82       0x30 CanSat.o
                0x00000e82                BT_Start
 .text.SensorUpdate
                0x00000eb2      0x2ba CanSat.o
                0x00000eb2                SensorUpdate
 .text.StateUpdate
                0x0000116c      0x2a6 CanSat.o
                0x0000116c                StateUpdate
 .text.Initialization
                0x00001412       0x68 CanSat.o
                0x00001412                Initialization
 .text.InitMemoryErase
                0x0000147a       0x92 CanSat.o
                0x0000147a                InitMemoryErase
 .text.InitMemoryRead
                0x0000150c      0x1ac CanSat.o
                0x0000150c                InitMemoryRead
 .text.WarmUp   0x000016b8       0x60 CanSat.o
                0x000016b8                WarmUp
 .text.WarmUpMemoryOperations
                0x00001718       0x1e CanSat.o
                0x00001718                WarmUpMemoryOperations
 .text.CalibrationStart
                0x00001736       0x12 CanSat.o
                0x00001736                CalibrationStart
 .text.main     0x00001748       0xae CanSat.o
                0x00001748                main
 .text.I2C_ReadEnd
                0x000017f6       0x1a I2C.o
                0x000017f6                I2C_ReadEnd
 .text.I2C_WriteReg
                0x00001810       0x32 I2C.o
                0x00001810                I2C_WriteReg
 .text.I2C_ReadRegister
                0x00001842       0x70 I2C.o
                0x00001842                I2C_ReadRegister
 .text.SPI_W_Byte
                0x000018b2       0x26 SPI.o
                0x000018b2                SPI_W_Byte
 .text.SPI_R_Byte
                0x000018d8       0x14 SPI.o
                0x000018d8                SPI_R_Byte
 .text.SPI_CS   0x000018ec       0x14 SPI.o
                0x000018ec                SPI_CS
 .text.SPI_WriteEnable
                0x00001900       0x1c SPI.o
                0x00001900                SPI_WriteEnable
 .text.SPI_WriteDisable
                0x0000191c       0x1c SPI.o
                0x0000191c                SPI_WriteDisable
 .text.SPI_WriteByte
                0x00001938       0x46 SPI.o
                0x00001938                SPI_WriteByte
 .text.SPI_WriteProtection
                0x0000197e       0x58 SPI.o
                0x0000197e                SPI_WriteProtection
 .text.SPI_WriteFin
                0x000019d6       0x30 SPI.o
                0x000019d6                SPI_WriteFin
 .text.SPI_ChipErase
                0x00001a06       0x2e SPI.o
                0x00001a06                SPI_ChipErase
 .text.SPI_FindEnd
                0x00001a34       0x5a SPI.o
                0x00001a34                SPI_FindEnd
 .text.SPI_WriteFrame
                0x00001a8e       0xb8 SPI.o
                0x00001a8e                SPI_WriteFrame
 .text.Osc2MHz  0x00001b46       0x70 Initialization.o
                0x00001b46                Osc2MHz
 .text.CPU_clk  0x00001bb6        0x6 Initialization.o
                0x00001bb6                CPU_clk
 .text.OscRTC   0x00001bbc        0x2 Initialization.o
                0x00001bbc                OscRTC
 .text.RTC_Init
                0x00001bbe        0x2 Initialization.o
                0x00001bbe                RTC_Init
 .text.TimerCInit
                0x00001bc0       0x42 Initialization.o
                0x00001bc0                TimerCInit
 .text.TimerDInit
                0x00001c02       0x42 Initialization.o
                0x00001c02                TimerDInit
 .text.TimerEInit
                0x00001c44       0x42 Initialization.o
                0x00001c44                TimerEInit
 .text.TimerFInit
                0x00001c86       0x4e Initialization.o
                0x00001c86                TimerFInit
 .text.GPS_Init
                0x00001cd4       0x2c Initialization.o
                0x00001cd4                GPS_Init
 .text.GPS_Conf
                0x00001d00        0x2 Initialization.o
                0x00001d00                GPS_Conf
 .text.USART_Init
                0x00001d02       0x2c Initialization.o
                0x00001d02                USART_Init
 .text.IO_Init  0x00001d2e       0xb0 Initialization.o
                0x00001d2e                IO_Init
 .text.I2C_Init
                0x00001dde       0x18 Initialization.o
                0x00001dde                I2C_Init
 .text.SPI_Init
                0x00001df6       0x26 Initialization.o
                0x00001df6                SPI_Init
 .text.ReadSignatureByte
                0x00001e1c       0x10 Initialization.o
                0x00001e1c                ReadSignatureByte
 .text.ADC_Init
                0x00001e2c       0x30 Initialization.o
                0x00001e2c                ADC_Init
 .text.LIS331HH_RegWrite
                0x00001e5c       0x34 LIS331HH.o
                0x00001e5c                LIS331HH_RegWrite
 .text.LIS331HH_WakeUp
                0x00001e90        0xe LIS331HH.o
                0x00001e90                LIS331HH_WakeUp
 .text.LIS331HH_Update
                0x00001e9e       0x88 LIS331HH.o
                0x00001e9e                LIS331HH_Update
 .text.LIS331HH_Calc
                0x00001f26      0x112 LIS331HH.o
                0x00001f26                LIS331HH_Calc
 .text.LPS25H_config
                0x00002038       0x1a LPS25H.o
                0x00002038                LPS25H_config
 .text.LPS25H_update
                0x00002052       0x62 LPS25H.o
                0x00002052                LPS25H_update
 .text.LPS25H_calc
                0x000020b4       0x9a LPS25H.o
                0x000020b4                LPS25H_calc
 .text.LSM9DS0_Init
                0x0000214e      0x160 LSM9DS0.o
                0x0000214e                LSM9DS0_Init
 .text.LSM9DS0_Update
                0x000022ae      0x408 LSM9DS0.o
                0x000022ae                LSM9DS0_Update
 .text.MPU9150_WakeUp
                0x000026b6       0x22 MPU9150.o
                0x000026b6                MPU9150_WakeUp
 .text.MPU9150_RawUpdate
                0x000026d8       0xa4 MPU9150.o
                0x000026d8                MPU9150_RawUpdate
 .text.MPU9150_Conv
                0x0000277c      0x308 MPU9150.o
                0x0000277c                MPU9150_Conv
 .text.prepareFrame
                0x00002a84     0x1ba4 util.o
                0x00002a84                prepareFrame
 .text.altitudeCalcLPS
                0x00004628      0x170 util.o
                0x00004628                altitudeCalcLPS
 .text.GPSbuf_init
                0x00004798       0x50 util.o
                0x00004798                GPSbuf_init
 .text.maxAcc   0x000047e8       0xdc util.o
                0x000047e8                maxAcc
 .text.avr-libc.fplib
                0x000048c4        0xa e:/atmel/as7/7.0/toolchain/avr8/avr8-gnu-toolchain/bin/../lib/gcc/avr/4.9.2/../../../../avr/lib/avrxmega6\libm.a(addsf3.o)
                0x000048c4                __subsf3
                0x000048c6                __addsf3
 .text.avr-libc.fplib
                0x000048ce       0xc0 e:/atmel/as7/7.0/toolchain/avr8/avr8-gnu-toolchain/bin/../lib/gcc/avr/4.9.2/../../../../avr/lib/avrxmega6\libm.a(addsf3x.o)
                0x000048e8                __addsf3x
 .text.avr-libc.fplib
                0x0000498e        0x8 e:/atmel/as7/7.0/toolchain/avr8/avr8-gnu-toolchain/bin/../lib/gcc/avr/4.9.2/../../../../avr/lib/avrxmega6\libm.a(cmpsf2.o)
                0x0000498e                __nesf2
                0x0000498e                __eqsf2
                0x0000498e                __cmpsf2
                0x0000498e                __ltsf2
                0x0000498e                __lesf2
 .text.avr-libc.fplib
                0x00004996        0x4 e:/atmel/as7/7.0/toolchain/avr8/avr8-gnu-toolchain/bin/../lib/gcc/avr/4.9.2/../../../../avr/lib/avrxmega6\libm.a(divsf3.o)
                0x00004996                __divsf3
 .text.avr-libc.fplib
                0x0000499a       0xcc e:/atmel/as7/7.0/toolchain/avr8/avr8-gnu-toolchain/bin/../lib/gcc/avr/4.9.2/../../../../avr/lib/avrxmega6\libm.a(divsf3x.o)
                0x000049b0                __divsf3x
                0x000049b4                __divsf3_pse
 .text.avr-libc.fplib
                0x00004a66        0xa e:/atmel/as7/7.0/toolchain/avr8/avr8-gnu-toolchain/bin/../lib/gcc/avr/4.9.2/../../../../avr/lib/avrxmega6\libm.a(fixsfsi.o)
                0x00004a66                __fixsfsi
 .text.avr-libc.fplib
                0x00004a70       0x58 e:/atmel/as7/7.0/toolchain/avr8/avr8-gnu-toolchain/bin/../lib/gcc/avr/4.9.2/../../../../avr/lib/avrxmega6\libm.a(fixunssfsi.o)
                0x00004a70                __fixunssfsi
 .text.avr-libc.fplib
                0x00004ac8       0x7a e:/atmel/as7/7.0/toolchain/avr8/avr8-gnu-toolchain/bin/../lib/gcc/avr/4.9.2/../../../../avr/lib/avrxmega6\libm.a(floatsisf.o)
                0x00004ac8                __floatunsisf
                0x00004acc                __floatsisf
 .text.avr-libc.fplib
                0x00004b42       0x48 e:/atmel/as7/7.0/toolchain/avr8/avr8-gnu-toolchain/bin/../lib/gcc/avr/4.9.2/../../../../avr/lib/avrxmega6\libm.a(fp_cmp.o)
                0x00004b42                __fp_cmp
 .text.avr-libc.fplib
                0x00004b8a        0xc e:/atmel/as7/7.0/toolchain/avr8/avr8-gnu-toolchain/bin/../lib/gcc/avr/4.9.2/../../../../avr/lib/avrxmega6\libm.a(fp_inf.o)
                0x00004b8a                __fp_inf
 .text.avr-libc.fplib
                0x00004b96        0x6 e:/atmel/as7/7.0/toolchain/avr8/avr8-gnu-toolchain/bin/../lib/gcc/avr/4.9.2/../../../../avr/lib/avrxmega6\libm.a(fp_nan.o)
                0x00004b96                __fp_nan
 .text.avr-libc.fplib
                0x00004b9c        0xe e:/atmel/as7/7.0/toolchain/avr8/avr8-gnu-toolchain/bin/../lib/gcc/avr/4.9.2/../../../../avr/lib/avrxmega6\libm.a(fp_pscA.o)
                0x00004b9c                __fp_pscA
 .text.avr-libc.fplib
                0x00004baa        0xe e:/atmel/as7/7.0/toolchain/avr8/avr8-gnu-toolchain/bin/../lib/gcc/avr/4.9.2/../../../../avr/lib/avrxmega6\libm.a(fp_pscB.o)
                0x00004baa                __fp_pscB
 .text.avr-libc.fplib
                0x00004bb8       0x22 e:/atmel/as7/7.0/toolchain/avr8/avr8-gnu-toolchain/bin/../lib/gcc/avr/4.9.2/../../../../avr/lib/avrxmega6\libm.a(fp_round.o)
                0x00004bb8                __fp_round
 .text.avr-libc.fplib
                0x00004bda       0x44 e:/atmel/as7/7.0/toolchain/avr8/avr8-gnu-toolchain/bin/../lib/gcc/avr/4.9.2/../../../../avr/lib/avrxmega6\libm.a(fp_split3.o)
                0x00004bda                __fp_split3
                0x00004bea                __fp_splitA
 .text.avr-libc.fplib
                0x00004c1e        0xe e:/atmel/as7/7.0/toolchain/avr8/avr8-gnu-toolchain/bin/../lib/gcc/avr/4.9.2/../../../../avr/lib/avrxmega6\libm.a(fp_zero.o)
                0x00004c1e                __fp_zero
                0x00004c20                __fp_szero
 .text.avr-libc.fplib
                0x00004c2c        0x8 e:/atmel/as7/7.0/toolchain/avr8/avr8-gnu-toolchain/bin/../lib/gcc/avr/4.9.2/../../../../avr/lib/avrxmega6\libm.a(gesf2.o)
                0x00004c2c                __gesf2
                0x00004c2c                __gtsf2
 .text.avr-libc.fplib
                0x00004c34        0x4 e:/atmel/as7/7.0/toolchain/avr8/avr8-gnu-toolchain/bin/../lib/gcc/avr/4.9.2/../../../../avr/lib/avrxmega6\libm.a(mulsf3.o)
                0x00004c34                __mulsf3
 .text.avr-libc.fplib
                0x00004c38       0xc2 e:/atmel/as7/7.0/toolchain/avr8/avr8-gnu-toolchain/bin/../lib/gcc/avr/4.9.2/../../../../avr/lib/avrxmega6\libm.a(mulsf3x.o)
                0x00004c4c                __mulsf3x
                0x00004c50                __mulsf3_pse
 .text.avr-libc.fplib
                0x00004cfa       0x98 e:/atmel/as7/7.0/toolchain/avr8/avr8-gnu-toolchain/bin/../lib/gcc/avr/4.9.2/../../../../avr/lib/avrxmega6\libm.a(pow.o)
                0x00004cfa                pow
 .text.avr-libc.fplib
                0x00004d92        0xe e:/atmel/as7/7.0/toolchain/avr8/avr8-gnu-toolchain/bin/../lib/gcc/avr/4.9.2/../../../../avr/lib/avrxmega6\libm.a(trunc.o)
                0x00004d92                trunc
 .text.avr-libc.fplib
                0x00004da0       0x62 e:/atmel/as7/7.0/toolchain/avr8/avr8-gnu-toolchain/bin/../lib/gcc/avr/4.9.2/../../../../avr/lib/avrxmega6\libm.a(exp.o)
                0x00004daa                exp
 .text.avr-libc.fplib
                0x00004e02       0x36 e:/atmel/as7/7.0/toolchain/avr8/avr8-gnu-toolchain/bin/../lib/gcc/avr/4.9.2/../../../../avr/lib/avrxmega6\libm.a(fp_mintl.o)
                0x00004e02                __fp_mintl
 .text.avr-libc.fplib
                0x00004e38       0x1c e:/atmel/as7/7.0/toolchain/avr8/avr8-gnu-toolchain/bin/../lib/gcc/avr/4.9.2/../../../../avr/lib/avrxmega6\libm.a(fp_mpack.o)
                0x00004e38                __fp_mpack
                0x00004e3c                __fp_mpack_finite
 .text.avr-libc.fplib
                0x00004e54       0x4a e:/atmel/as7/7.0/toolchain/avr8/avr8-gnu-toolchain/bin/../lib/gcc/avr/4.9.2/../../../../avr/lib/avrxmega6\libm.a(fp_powser.o)
                0x00004e54                __fp_powser
 .text.avr-libc.fplib
                0x00004e9e       0x2e e:/atmel/as7/7.0/toolchain/avr8/avr8-gnu-toolchain/bin/../lib/gcc/avr/4.9.2/../../../../avr/lib/avrxmega6\libm.a(fp_trunc.o)
                0x00004e9e                __fp_trunc
 .text.avr-libc.fplib
                0x00004ecc        0xe e:/atmel/as7/7.0/toolchain/avr8/avr8-gnu-toolchain/bin/../lib/gcc/avr/4.9.2/../../../../avr/lib/avrxmega6\libm.a(inverse.o)
                0x00004ecc                inverse
 .text.avr-libc.fplib
                0x00004eda       0x6c e:/atmel/as7/7.0/toolchain/avr8/avr8-gnu-toolchain/bin/../lib/gcc/avr/4.9.2/../../../../avr/lib/avrxmega6\libm.a(ldexp.o)
                0x00004ede                ldexp
 .text.avr-libc.fplib
                0x00004f46       0x8a e:/atmel/as7/7.0/toolchain/avr8/avr8-gnu-toolchain/bin/../lib/gcc/avr/4.9.2/../../../../avr/lib/avrxmega6\libm.a(log.o)
                0x00004f50                log
 .text.avr-libc.fplib
                0x00004fd0       0x66 e:/atmel/as7/7.0/toolchain/avr8/avr8-gnu-toolchain/bin/../lib/gcc/avr/4.9.2/../../../../avr/lib/avrxmega6\libm.a(modf.o)
                0x00004fd0                modf
                0x00004fd0                modff
 .text.libgcc.div
                0x00005036       0x26 e:/atmel/as7/7.0/toolchain/avr8/avr8-gnu-toolchain/bin/../lib/gcc/avr/4.9.2/avrxmega6\libgcc.a(_divmodhi4.o)
                0x00005036                _div
                0x00005036                __divmodhi4
 .text.libgcc.div
                0x0000505c       0x44 e:/atmel/as7/7.0/toolchain/avr8/avr8-gnu-toolchain/bin/../lib/gcc/avr/4.9.2/avrxmega6\libgcc.a(_udivmodsi4.o)
                0x0000505c                __udivmodsi4
 .text.libgcc.div
                0x000050a0       0x28 e:/atmel/as7/7.0/toolchain/avr8/avr8-gnu-toolchain/bin/../lib/gcc/avr/4.9.2/avrxmega6\libgcc.a(_divmodsi4.o)
                0x000050a0                __divmodsi4
 .text.libgcc.div
                0x000050c8       0x10 e:/atmel/as7/7.0/toolchain/avr8/avr8-gnu-toolchain/bin/../lib/gcc/avr/4.9.2/avrxmega6\libgcc.a(_negsi2.o)
                0x000050c8                __negsi2
 .text.libgcc   0x000050d8       0x10 e:/atmel/as7/7.0/toolchain/avr8/avr8-gnu-toolchain/bin/../lib/gcc/avr/4.9.2/avrxmega6\libgcc.a(_tablejump2.o)
                0x000050d8                __tablejump2__
 .text.libgcc.mul
                0x000050e8       0x1e e:/atmel/as7/7.0/toolchain/avr8/avr8-gnu-toolchain/bin/../lib/gcc/avr/4.9.2/avrxmega6\libgcc.a(_umulhisi3.o)
                0x000050e8                __umulhisi3
 .text.libgcc.div
                0x00005106       0x28 e:/atmel/as7/7.0/toolchain/avr8/avr8-gnu-toolchain/bin/../lib/gcc/avr/4.9.2/avrxmega6\libgcc.a(_udivmodhi4.o)
                0x00005106                __udivmodhi4
                0x0000512e                . = ALIGN (0x2)
 *(.fini9)
 .fini9         0x0000512e        0x0 e:/atmel/as7/7.0/toolchain/avr8/avr8-gnu-toolchain/bin/../lib/gcc/avr/4.9.2/avrxmega6\libgcc.a(_exit.o)
                0x0000512e                _exit
                0x0000512e                exit
 *(.fini9)
 *(.fini8)
 *(.fini8)
 *(.fini7)
 *(.fini7)
 *(.fini6)
 *(.fini6)
 *(.fini5)
 *(.fini5)
 *(.fini4)
 *(.fini4)
 *(.fini3)
 *(.fini3)
 *(.fini2)
 *(.fini2)
 *(.fini1)
 *(.fini1)
 *(.fini0)
 .fini0         0x0000512e        0x4 e:/atmel/as7/7.0/toolchain/avr8/avr8-gnu-toolchain/bin/../lib/gcc/avr/4.9.2/avrxmega6\libgcc.a(_exit.o)
 *(.fini0)
                0x00005132                _etext = .

.data           0x00802000       0xd0 load address 0x00005132
                0x00802000                PROVIDE (__data_start, .)
 *(.data)
 *(.data*)
 *(.rodata)
 .rodata        0x00802000       0xd0 CanSat.o
 *(.rodata*)
 *(.gnu.linkonce.d*)
                0x008020d0                . = ALIGN (0x2)
                0x008020d0                _edata = .
                0x008020d0                PROVIDE (__data_end, .)

.bss            0x008020d0      0x813
                0x008020d0                PROVIDE (__bss_start, .)
 *(.bss)
 *(.bss*)
 .bss.frame_count
                0x008020d0        0x4 CanSat.o
                0x008020d0                frame_count
 .bss.mission_time
                0x008020d4        0x4 CanSat.o
                0x008020d4                mission_time
 .bss.timer_buffer
                0x008020d8        0x4 CanSat.o
 .bss.SPIaddress
                0x008020dc        0x4 CanSat.o
 .bss.buzzer_d  0x008020e0        0x4 CanSat.o
 .bss.Calibration_d
                0x008020e4       0x23 CanSat.o
 .bss.LIS331HH_d
                0x00802107       0x12 CanSat.o
 .bss.LPS25H_d  0x00802119       0x12 CanSat.o
 .bss.GPS_d     0x0080212b       0x48 CanSat.o
 .bss.GPS_b     0x00802173       0x48 CanSat.o
 .bss.frame_b   0x008021bb      0x327 CanSat.o
 .bss.frame_d   0x008024e2      0x327 CanSat.o
 .bss.stan_d    0x00802809        0x8 CanSat.o
 .bss.LSM9DS0_d
                0x00802811       0x5a CanSat.o
 .bss.MPU9150_d
                0x0080286b       0x58 CanSat.o
 *(COMMON)
 COMMON         0x008028c3       0x20 CanSat.o
                0x008028c3                ADC_d
                0x008028e3                PROVIDE (__bss_end, .)
                0x00005132                __data_load_start = LOADADDR (.data)
                0x00005202                __data_load_end = (__data_load_start + SIZEOF (.data))

.noinit         0x008028e3        0x0
                0x008028e3                PROVIDE (__noinit_start, .)
 *(.noinit*)
                0x008028e3                PROVIDE (__noinit_end, .)
                0x008028e3                _end = .
                0x008028e3                PROVIDE (__heap_start, .)

.eeprom         0x00810000        0x0
 *(.eeprom*)
                0x00810000                __eeprom_end = .

.fuse
 *(.fuse)
 *(.lfuse)
 *(.hfuse)
 *(.efuse)

.lock
 *(.lock*)

.signature
 *(.signature*)

.user_signatures
 *(.user_signatures*)

.stab
 *(.stab)

.stabstr
 *(.stabstr)

.stab.excl
 *(.stab.excl)

.stab.exclstr
 *(.stab.exclstr)

.stab.index
 *(.stab.index)

.stab.indexstr
 *(.stab.indexstr)

.comment        0x00000000       0x30
 *(.comment)
 .comment       0x00000000       0x30 ADC.o
                                 0x31 (size before relaxing)
 .comment       0x00000030       0x31 CanSat.o
 .comment       0x00000030       0x31 I2C.o
 .comment       0x00000030       0x31 SPI.o
 .comment       0x00000030       0x31 Initialization.o
 .comment       0x00000030       0x31 LIS331HH.o
 .comment       0x00000030       0x31 LPS25H.o
 .comment       0x00000030       0x31 LSM9DS0.o
 .comment       0x00000030       0x31 MPU9150.o
 .comment       0x00000030       0x31 util.o

.note.gnu.avr.deviceinfo
                0x00000000       0x44
 .note.gnu.avr.deviceinfo
                0x00000000       0x44 E:/Atmel/AS7/7.0/Packs/atmel/XMEGAA_DFP/1.0.36/gcc/dev/atxmega256a3bu/avrxmega6/crtatxmega256a3bu.o

.note.gnu.build-id
 *(.note.gnu.build-id)

.debug
 *(.debug)

.line
 *(.line)

.debug_srcinfo
 *(.debug_srcinfo)

.debug_sfnames
 *(.debug_sfnames)

.debug_aranges  0x00000000      0x3d8
 *(.debug_aranges)
 .debug_aranges
                0x00000000       0x20 ADC.o
 .debug_aranges
                0x00000020       0xd0 CanSat.o
 .debug_aranges
                0x000000f0       0x30 I2C.o
 .debug_aranges
                0x00000120       0xa8 SPI.o
 .debug_aranges
                0x000001c8       0x98 Initialization.o
 .debug_aranges
                0x00000260       0x38 LIS331HH.o
 .debug_aranges
                0x00000298       0x38 LPS25H.o
 .debug_aranges
                0x000002d0       0x28 LSM9DS0.o
 .debug_aranges
                0x000002f8       0x60 MPU9150.o
 .debug_aranges
                0x00000358       0x80 util.o

.debug_pubnames
 *(.debug_pubnames)

.debug_info     0x00000000     0x79dd
 *(.debug_info .gnu.linkonce.wi.*)
 .debug_info    0x00000000      0x6a7 ADC.o
 .debug_info    0x000006a7     0x2112 CanSat.o
 .debug_info    0x000027b9      0x31a I2C.o
 .debug_info    0x00002ad3     0x1161 SPI.o
 .debug_info    0x00003c34     0x101f Initialization.o
 .debug_info    0x00004c53      0x7f3 LIS331HH.o
 .debug_info    0x00005446      0x65d LPS25H.o
 .debug_info    0x00005aa3      0x5ee LSM9DS0.o
 .debug_info    0x00006091      0xcab MPU9150.o
 .debug_info    0x00006d3c      0xca1 util.o

.debug_abbrev   0x00000000     0x13f9
 *(.debug_abbrev)
 .debug_abbrev  0x00000000      0x135 ADC.o
 .debug_abbrev  0x00000135      0x3e5 CanSat.o
 .debug_abbrev  0x0000051a      0x158 I2C.o
 .debug_abbrev  0x00000672      0x269 SPI.o
 .debug_abbrev  0x000008db      0x1f0 Initialization.o
 .debug_abbrev  0x00000acb      0x1ab LIS331HH.o
 .debug_abbrev  0x00000c76      0x199 LPS25H.o
 .debug_abbrev  0x00000e0f      0x129 LSM9DS0.o
 .debug_abbrev  0x00000f38      0x24b MPU9150.o
 .debug_abbrev  0x00001183      0x276 util.o

.debug_line     0x00000000     0x31ee
 *(.debug_line .debug_line.* .debug_line_end)
 .debug_line    0x00000000      0x1da ADC.o
 .debug_line    0x000001da      0xe68 CanSat.o
 .debug_line    0x00001042      0x1d6 I2C.o
 .debug_line    0x00001218      0x5d7 SPI.o
 .debug_line    0x000017ef      0x48e Initialization.o
 .debug_line    0x00001c7d      0x21d LIS331HH.o
 .debug_line    0x00001e9a      0x12b LPS25H.o
 .debug_line    0x00001fc5      0x47f LSM9DS0.o
 .debug_line    0x00002444      0x424 MPU9150.o
 .debug_line    0x00002868      0x986 util.o

.debug_frame    0x00000000      0xd28
 *(.debug_frame)
 .debug_frame   0x00000000       0x38 ADC.o
 .debug_frame   0x00000038      0x3cc CanSat.o
 .debug_frame   0x00000404       0x60 I2C.o
 .debug_frame   0x00000464      0x288 SPI.o
 .debug_frame   0x000006ec      0x130 Initialization.o
 .debug_frame   0x0000081c       0xa0 LIS331HH.o
 .debug_frame   0x000008bc       0xa8 LPS25H.o
 .debug_frame   0x00000964       0x48 LSM9DS0.o
 .debug_frame   0x000009ac      0x140 MPU9150.o
 .debug_frame   0x00000aec      0x23c util.o

.debug_str      0x00000000     0x2353
 *(.debug_str)
 .debug_str     0x00000000      0x721 ADC.o
                                0x77d (size before relaxing)
 .debug_str     0x00000721      0xb9c CanSat.o
                                0xeb6 (size before relaxing)
 .debug_str     0x000012bd      0x12d I2C.o
                                0x319 (size before relaxing)
 .debug_str     0x000013ea       0xfb SPI.o
                                0x6ef (size before relaxing)
 .debug_str     0x000014e5      0xbec Initialization.o
                               0x121d (size before relaxing)
 .debug_str     0x000020d1       0x35 LIS331HH.o
                                0x658 (size before relaxing)
 .debug_str     0x00002106       0x2c LPS25H.o
                                0x523 (size before relaxing)
 .debug_str     0x00002132        0xf LSM9DS0.o
                                0x48d (size before relaxing)
 .debug_str     0x00002141       0x96 MPU9150.o
                                0x852 (size before relaxing)
 .debug_str     0x000021d7      0x17c util.o
                                0x75f (size before relaxing)

.debug_loc      0x00000000     0x2ad9
 *(.debug_loc)
 .debug_loc     0x00000000       0x7f ADC.o
 .debug_loc     0x0000007f      0xb31 CanSat.o
 .debug_loc     0x00000bb0      0x1b2 I2C.o
 .debug_loc     0x00000d62      0x9a2 SPI.o
 .debug_loc     0x00001704      0x1b4 Initialization.o
 .debug_loc     0x000018b8      0x264 LIS331HH.o
 .debug_loc     0x00001b1c      0x1f7 LPS25H.o
 .debug_loc     0x00001d13       0x7f LSM9DS0.o
 .debug_loc     0x00001d92      0x49a MPU9150.o
 .debug_loc     0x0000222c      0x8ad util.o

.debug_macinfo
 *(.debug_macinfo)

.debug_weaknames
 *(.debug_weaknames)

.debug_funcnames
 *(.debug_funcnames)

.debug_typenames
 *(.debug_typenames)

.debug_varnames
 *(.debug_varnames)

.debug_pubtypes
 *(.debug_pubtypes)

.debug_ranges   0x00000000      0x338
 *(.debug_ranges)
 .debug_ranges  0x00000000       0x10 ADC.o
 .debug_ranges  0x00000010       0xc0 CanSat.o
 .debug_ranges  0x000000d0       0x20 I2C.o
 .debug_ranges  0x000000f0       0x98 SPI.o
 .debug_ranges  0x00000188       0x88 Initialization.o
 .debug_ranges  0x00000210       0x28 LIS331HH.o
 .debug_ranges  0x00000238       0x28 LPS25H.o
 .debug_ranges  0x00000260       0x18 LSM9DS0.o
 .debug_ranges  0x00000278       0x50 MPU9150.o
 .debug_ranges  0x000002c8       0x70 util.o

.debug_macro
 *(.debug_macro)
OUTPUT(CanSat_V3 - 1kHz.elf elf32-avr)
LOAD linker stubs
