Archive member included to satisfy reference by file (symbol)

c:/program files (x86)/atmel/studio/7.0/toolchain/avr8/avr8-gnu-toolchain/bin/../lib/gcc/avr/5.4.0/../../../../avr/lib/avrxmega6\libm.a(acos.o)
                              orientation.o (acos)
c:/program files (x86)/atmel/studio/7.0/toolchain/avr8/avr8-gnu-toolchain/bin/../lib/gcc/avr/5.4.0/../../../../avr/lib/avrxmega6\libm.a(addsf3.o)
                              ADC.o (__subsf3)
c:/program files (x86)/atmel/studio/7.0/toolchain/avr8/avr8-gnu-toolchain/bin/../lib/gcc/avr/5.4.0/../../../../avr/lib/avrxmega6\libm.a(addsf3x.o)
                              c:/program files (x86)/atmel/studio/7.0/toolchain/avr8/avr8-gnu-toolchain/bin/../lib/gcc/avr/5.4.0/../../../../avr/lib/avrxmega6\libm.a(acos.o) (__addsf3x)
c:/program files (x86)/atmel/studio/7.0/toolchain/avr8/avr8-gnu-toolchain/bin/../lib/gcc/avr/5.4.0/../../../../avr/lib/avrxmega6\libm.a(atan2.o)
                              orientation.o (atan2)
c:/program files (x86)/atmel/studio/7.0/toolchain/avr8/avr8-gnu-toolchain/bin/../lib/gcc/avr/5.4.0/../../../../avr/lib/avrxmega6\libm.a(atan.o)
                              c:/program files (x86)/atmel/studio/7.0/toolchain/avr8/avr8-gnu-toolchain/bin/../lib/gcc/avr/5.4.0/../../../../avr/lib/avrxmega6\libm.a(atan2.o) (atan)
c:/program files (x86)/atmel/studio/7.0/toolchain/avr8/avr8-gnu-toolchain/bin/../lib/gcc/avr/5.4.0/../../../../avr/lib/avrxmega6\libm.a(cmpsf2.o)
                              LPS25H.o (__eqsf2)
c:/program files (x86)/atmel/studio/7.0/toolchain/avr8/avr8-gnu-toolchain/bin/../lib/gcc/avr/5.4.0/../../../../avr/lib/avrxmega6\libm.a(divsf3.o)
                              ADC.o (__divsf3)
c:/program files (x86)/atmel/studio/7.0/toolchain/avr8/avr8-gnu-toolchain/bin/../lib/gcc/avr/5.4.0/../../../../avr/lib/avrxmega6\libm.a(divsf3x.o)
                              c:/program files (x86)/atmel/studio/7.0/toolchain/avr8/avr8-gnu-toolchain/bin/../lib/gcc/avr/5.4.0/../../../../avr/lib/avrxmega6\libm.a(divsf3.o) (__divsf3x)
c:/program files (x86)/atmel/studio/7.0/toolchain/avr8/avr8-gnu-toolchain/bin/../lib/gcc/avr/5.4.0/../../../../avr/lib/avrxmega6\libm.a(fixsfsi.o)
                              MPU9150.o (__fixsfsi)
c:/program files (x86)/atmel/studio/7.0/toolchain/avr8/avr8-gnu-toolchain/bin/../lib/gcc/avr/5.4.0/../../../../avr/lib/avrxmega6\libm.a(fixunssfsi.o)
                              CanSat.o (__fixunssfsi)
c:/program files (x86)/atmel/studio/7.0/toolchain/avr8/avr8-gnu-toolchain/bin/../lib/gcc/avr/5.4.0/../../../../avr/lib/avrxmega6\libm.a(floatsisf.o)
                              ADC.o (__floatunsisf)
c:/program files (x86)/atmel/studio/7.0/toolchain/avr8/avr8-gnu-toolchain/bin/../lib/gcc/avr/5.4.0/../../../../avr/lib/avrxmega6\libm.a(fp_arccos.o)
                              c:/program files (x86)/atmel/studio/7.0/toolchain/avr8/avr8-gnu-toolchain/bin/../lib/gcc/avr/5.4.0/../../../../avr/lib/avrxmega6\libm.a(acos.o) (__fp_arccos)
c:/program files (x86)/atmel/studio/7.0/toolchain/avr8/avr8-gnu-toolchain/bin/../lib/gcc/avr/5.4.0/../../../../avr/lib/avrxmega6\libm.a(fp_cmp.o)
                              c:/program files (x86)/atmel/studio/7.0/toolchain/avr8/avr8-gnu-toolchain/bin/../lib/gcc/avr/5.4.0/../../../../avr/lib/avrxmega6\libm.a(cmpsf2.o) (__fp_cmp)
c:/program files (x86)/atmel/studio/7.0/toolchain/avr8/avr8-gnu-toolchain/bin/../lib/gcc/avr/5.4.0/../../../../avr/lib/avrxmega6\libm.a(fp_inf.o)
                              c:/program files (x86)/atmel/studio/7.0/toolchain/avr8/avr8-gnu-toolchain/bin/../lib/gcc/avr/5.4.0/../../../../avr/lib/avrxmega6\libm.a(addsf3x.o) (__fp_inf)
c:/program files (x86)/atmel/studio/7.0/toolchain/avr8/avr8-gnu-toolchain/bin/../lib/gcc/avr/5.4.0/../../../../avr/lib/avrxmega6\libm.a(fp_nan.o)
                              c:/program files (x86)/atmel/studio/7.0/toolchain/avr8/avr8-gnu-toolchain/bin/../lib/gcc/avr/5.4.0/../../../../avr/lib/avrxmega6\libm.a(addsf3x.o) (__fp_nan)
c:/program files (x86)/atmel/studio/7.0/toolchain/avr8/avr8-gnu-toolchain/bin/../lib/gcc/avr/5.4.0/../../../../avr/lib/avrxmega6\libm.a(fp_powser.o)
                              c:/program files (x86)/atmel/studio/7.0/toolchain/avr8/avr8-gnu-toolchain/bin/../lib/gcc/avr/5.4.0/../../../../avr/lib/avrxmega6\libm.a(atan.o) (__fp_powser)
c:/program files (x86)/atmel/studio/7.0/toolchain/avr8/avr8-gnu-toolchain/bin/../lib/gcc/avr/5.4.0/../../../../avr/lib/avrxmega6\libm.a(fp_pscA.o)
                              c:/program files (x86)/atmel/studio/7.0/toolchain/avr8/avr8-gnu-toolchain/bin/../lib/gcc/avr/5.4.0/../../../../avr/lib/avrxmega6\libm.a(addsf3x.o) (__fp_pscA)
c:/program files (x86)/atmel/studio/7.0/toolchain/avr8/avr8-gnu-toolchain/bin/../lib/gcc/avr/5.4.0/../../../../avr/lib/avrxmega6\libm.a(fp_pscB.o)
                              c:/program files (x86)/atmel/studio/7.0/toolchain/avr8/avr8-gnu-toolchain/bin/../lib/gcc/avr/5.4.0/../../../../avr/lib/avrxmega6\libm.a(addsf3x.o) (__fp_pscB)
[...]
Memory Configuration

Name             Origin             Length             Attributes
text             0x00000000         0x00100000         xr
data             0x00802000         0x0000ffa0         rw !x
eeprom           0x00810000         0x00010000         rw !x
fuse             0x00820000         0x00000006         rw !x
lock             0x00830000         0x00000400         rw !x
signature        0x00840000         0x00000400         rw !x
user_signatures  0x00850000         0x00000400         rw !x
*default*        0x00000000         0xffffffff

Linker script and memory map

LOAD c:/program files (x86)/atmel/studio/7.0/toolchain/avr8/avr8-gnu-toolchain/bin/../lib/gcc/avr/5.4.0/../../../../avr/lib/avrxmega6/crtatxmega256a3bu.o
LOAD ADC.o
LOAD CanSat.o
LOAD I2C.o
LOAD orientation.o
LOAD SPI.o
LOAD Initialization.o
LOAD LIS331HH.o
LOAD LPS25H.o
LOAD LSM9DS0.o
LOAD MPU9150.o
LOAD util.o
START GROUP
LOAD c:/program files (x86)/atmel/studio/7.0/toolchain/avr8/avr8-gnu-toolchain/bin/../lib/gcc/avr/5.4.0/../../../../avr/lib/avrxmega6\libm.a
END GROUP
LOAD c:/program files (x86)/atmel/studio/7.0/toolchain/avr8/avr8-gnu-toolchain/bin/../lib/gcc/avr/5.4.0/../../../../avr/lib/avrxmega6\libprintf_flt.a
START GROUP
LOAD c:/program files (x86)/atmel/studio/7.0/toolchain/avr8/avr8-gnu-toolchain/bin/../lib/gcc/avr/5.4.0/avrxmega6\libgcc.a
LOAD c:/program files (x86)/atmel/studio/7.0/toolchain/avr8/avr8-gnu-toolchain/bin/../lib/gcc/avr/5.4.0/../../../../avr/lib/avrxmega6\libm.a
LOAD c:/program files (x86)/atmel/studio/7.0/toolchain/avr8/avr8-gnu-toolchain/bin/../lib/gcc/avr/5.4.0/../../../../avr/lib/avrxmega6\libc.a
LOAD c:/program files (x86)/atmel/studio/7.0/toolchain/avr8/avr8-gnu-toolchain/bin/../lib/gcc/avr/5.4.0/../../../../avr/lib/avrxmega6\libatxmega256a3bu.a
END GROUP
                0x00100000                __TEXT_REGION_LENGTH__ = DEFINED (__TEXT_REGION_LENGTH__)?__TEXT_REGION_LENGTH__:0x100000
                0x0000ffa0                __DATA_REGION_LENGTH__ = DEFINED (__DATA_REGION_LENGTH__)?__DATA_REGION_LENGTH__:0xffa0
                0x00010000                __EEPROM_REGION_LENGTH__ = DEFINED (__EEPROM_REGION_LENGTH__)?__EEPROM_REGION_LENGTH__:0x10000
                [0x00000006]                __FUSE_REGION_LENGTH__ = DEFINED (__FUSE_REGION_LENGTH__)?__FUSE_REGION_LENGTH__:0x400
                0x00000400                __LOCK_REGION_LENGTH__ = DEFINED (__LOCK_REGION_LENGTH__)?__LOCK_REGION_LENGTH__:0x400
                0x00000400                __SIGNATURE_REGION_LENGTH__ = DEFINED (__SIGNATURE_REGION_LENGTH__)?__SIGNATURE_REGION_LENGTH__:0x400
                0x00000400                __USER_SIGNATURE_REGION_LENGTH__ = DEFINED (__USER_SIGNATURE_REGION_LENGTH__)?__USER_SIGNATURE_REGION_LENGTH__:0x400

.hash
 *(.hash)

.dynsym
 *(.dynsym)

.dynstr
 *(.dynstr)

.gnu.version
 *(.gnu.version)

.gnu.version_d
 *(.gnu.version_d)

.gnu.version_r
 *(.gnu.version_r)

.rel.init
 *(.rel.init)

.rela.init
 *(.rela.init)

.rel.text
 *(.rel.text)
 *(.rel.text.*)
 *(.rel.gnu.linkonce.t*)

.rela.text
 *(.rela.text)
 *(.rela.text.*)
 *(.rela.gnu.linkonce.t*)

.rel.fini
 *(.rel.fini)

.rela.fini
 *(.rela.fini)

.rel.rodata
 *(.rel.rodata)
 *(.rel.rodata.*)
 *(.rel.gnu.linkonce.r*)

.rela.rodata
 *(.rela.rodata)
 *(.rela.rodata.*)
 *(.rela.gnu.linkonce.r*)

.rel.data
 *(.rel.data)
 *(.rel.data.*)
 *(.rel.gnu.linkonce.d*)

.rela.data
 *(.rela.data)
 *(.rela.data.*)
 *(.rela.gnu.linkonce.d*)

.rel.ctors
 *(.rel.ctors)

.rela.ctors
 *(.rela.ctors)

.rel.dtors
 *(.rel.dtors)

.rela.dtors
 *(.rela.dtors)

.rel.got
 *(.rel.got)

.rela.got
 *(.rela.got)

.rel.bss
 *(.rel.bss)

.rela.bss
 *(.rela.bss)

.rel.plt
 *(.rel.plt)

.rela.plt
 *(.rela.plt)

.text           0x00000000     0x5a1e
 *(.vectors)
 .vectors       0x00000000      0x1fc c:/program files (x86)/atmel/studio/7.0/toolchain/avr8/avr8-gnu-toolchain/bin/../lib/gcc/avr/5.4.0/../../../../avr/lib/avrxmega6/crtatxmega256a3bu.o
                0x00000000                __vectors
 *(.vectors)
 *(.progmem.gcc*)
 .progmem.gcc_sw_table.__vector_119
                0x000001fc       0x12 CanSat.o
 .progmem.gcc_sw_table.main
                0x0000020e       0x14 CanSat.o
 .progmem.gcc_fplib
                0x00000222       0x2d c:/program files (x86)/atmel/studio/7.0/toolchain/avr8/avr8-gnu-toolchain/bin/../lib/gcc/avr/5.4.0/../../../../avr/lib/avrxmega6\libm.a(atan.o)
 .progmem.gcc_fplib
                0x0000024f       0x28 c:/program files (x86)/atmel/studio/7.0/toolchain/avr8/avr8-gnu-toolchain/bin/../lib/gcc/avr/5.4.0/../../../../avr/lib/avrxmega6\libm.a(fp_arccos.o)
 .progmem.gcc_fplib
                0x00000277       0x28 c:/program files (x86)/atmel/studio/7.0/toolchain/avr8/avr8-gnu-toolchain/bin/../lib/gcc/avr/5.4.0/../../../../avr/lib/avrxmega6\libm.a(exp.o)
 .progmem.gcc_fplib
                0x0000029f       0x5a c:/program files (x86)/atmel/studio/7.0/toolchain/avr8/avr8-gnu-toolchain/bin/../lib/gcc/avr/5.4.0/../../../../avr/lib/avrxmega6\libm.a(log.o)
                0x000002fa                . = ALIGN (0x2)
 *fill*         0x000002f9        0x1 
                0x000002fa                __trampolines_start = .
 *(.trampolines)
 .trampolines   0x000002fa        0x0 linker stubs
 *(.trampolines*)
                0x000002fa                __trampolines_end = .
 *libprintf_flt.a:*(.progmem.data)
 .progmem.data  0x000002fa        0x8 c:/program files (x86)/atmel/studio/7.0/toolchain/avr8/avr8-gnu-toolchain/bin/../lib/gcc/avr/5.4.0/../../../../avr/lib/avrxmega6\libprintf_flt.a(vfprintf_flt.o)
 *libc.a:*(.progmem.data)
 .progmem.data  0x00000302       0xfa c:/program files (x86)/atmel/studio/7.0/toolchain/avr8/avr8-gnu-toolchain/bin/../lib/gcc/avr/5.4.0/../../../../avr/lib/avrxmega6\libc.a(ftoa_engine.o)
 .progmem.data  0x000003fc       0x3b c:/program files (x86)/atmel/studio/7.0/toolchain/avr8/avr8-gnu-toolchain/bin/../lib/gcc/avr/5.4.0/../../../../avr/lib/avrxmega6\libc.a(strtod.o)
 *(.progmem*)
                0x00000438                . = ALIGN (0x2)
 *fill*         0x00000437        0x1 
 *(.jumptables)
 *(.jumptables*)
 *(.lowtext)
 *(.lowtext*)
                0x00000438                __ctors_start = .
 *(.ctors)
                0x00000438                __ctors_end = .
                0x00000438                __dtors_start = .
 *(.dtors)
                0x00000438                __dtors_end = .
 SORT(*)(.ctors)
 SORT(*)(.dtors)
 *(.init0)
 .init0         0x00000438        0x0 c:/program files (x86)/atmel/studio/7.0/toolchain/avr8/avr8-gnu-toolchain/bin/../lib/gcc/avr/5.4.0/../../../../avr/lib/avrxmega6/crtatxmega256a3bu.o
                0x00000438                __init
 *(.init0)
 *(.init1)
 *(.init1)
 *(.init2)
 .init2         0x00000438       0x10 c:/program files (x86)/atmel/studio/7.0/toolchain/avr8/avr8-gnu-toolchain/bin/../lib/gcc/avr/5.4.0/../../../../avr/lib/avrxmega6/crtatxmega256a3bu.o
 *(.init2)
 *(.init3)
 *(.init3)
 *(.init4)
 .init4         0x00000448       0x1a c:/program files (x86)/atmel/studio/7.0/toolchain/avr8/avr8-gnu-toolchain/bin/../lib/gcc/avr/5.4.0/avrxmega6\libgcc.a(_copy_data.o)
                0x00000448                __do_copy_data
 .init4         0x00000462       0x10 c:/program files (x86)/atmel/studio/7.0/toolchain/avr8/avr8-gnu-toolchain/bin/../lib/gcc/avr/5.4.0/avrxmega6\libgcc.a(_clear_bss.o)
                0x00000462                __do_clear_bss
 *(.init4)
 *(.init5)
 *(.init5)
 *(.init6)
 *(.init6)
 *(.init7)
 *(.init7)
 *(.init8)
 *(.init8)
 *(.init9)
 .init9         0x00000472        0x8 c:/program files (x86)/atmel/studio/7.0/toolchain/avr8/avr8-gnu-toolchain/bin/../lib/gcc/avr/5.4.0/../../../../avr/lib/avrxmega6/crtatxmega256a3bu.o
 *(.init9)
 *(.text)
 .text          0x0000047a        0x2 c:/program files (x86)/atmel/studio/7.0/toolchain/avr8/avr8-gnu-toolchain/bin/../lib/gcc/avr/5.4.0/../../../../avr/lib/avrxmega6/crtatxmega256a3bu.o
                0x0000047a                __vector_38
                0x0000047a                __vector_104
                0x0000047a                __vector_22
                0x0000047a                __vector_63
                0x0000047a                __vector_28
                0x0000047a                __vector_67
                0x0000047a                __vector_1
                0x0000047a                __vector_32
                0x0000047a                __vector_75
                0x0000047a                __vector_71
                0x0000047a                __vector_91
                0x0000047a                __vector_34
                0x0000047a                __vector_62
                0x0000047a                __vector_102
                0x0000047a                __vector_24
                0x0000047a                __vector_12
                0x0000047a                __vector_55
                0x0000047a                __vector_69
                0x0000047a                __vector_81
                0x0000047a                __vector_90
                0x0000047a                __vector_46
                0x0000047a                __bad_interrupt
                0x0000047a                __vector_122
                0x0000047a                __vector_72
                0x0000047a                __vector_114
                0x0000047a                __vector_6
                0x0000047a                __vector_110
                0x0000047a                __vector_31
                0x0000047a                __vector_92
                0x0000047a                __vector_35
                0x0000047a                __vector_78
                0x0000047a                __vector_74
                0x0000047a                __vector_117
                0x0000047a                __vector_39
                0x0000047a                __vector_107
                0x0000047a                __vector_3
                0x0000047a                __vector_105
                0x0000047a                __vector_98
                0x0000047a                __vector_23
                0x0000047a                __vector_68
                0x0000047a                __vector_30
                0x0000047a                __vector_73
                0x0000047a                __vector_45
                0x0000047a                __vector_25
                0x0000047a                __vector_93
                0x0000047a                __vector_61
                0x0000047a                __vector_11
                0x0000047a                __vector_54
                0x0000047a                __vector_99
                0x0000047a                __vector_13
                0x0000047a                __vector_17
                0x0000047a                __vector_19
                0x0000047a                __vector_56
                0x0000047a                __vector_7
                0x0000047a                __vector_125
                0x0000047a                __vector_49
                0x0000047a                __vector_123
                0x0000047a                __vector_41
                0x0000047a                __vector_86
                0x0000047a                __vector_100
                0x0000047a                __vector_101
                0x0000047a                __vector_64
                0x0000047a                __vector_109
                0x0000047a                __vector_43
                0x0000047a                __vector_27
                0x0000047a                __vector_5
                0x0000047a                __vector_113
                0x0000047a                __vector_33
                0x0000047a                __vector_76
                0x0000047a                __vector_115
                0x0000047a                __vector_52
                0x0000047a                __vector_37
                0x0000047a                __vector_95
                0x0000047a                __vector_103
                0x0000047a                __vector_96
                0x0000047a                __vector_89
                0x0000047a                __vector_4
                0x0000047a                __vector_44
                0x0000047a                __vector_82
                0x0000047a                __vector_106
                0x0000047a                __vector_118
                0x0000047a                __vector_51
                0x0000047a                __vector_9
                0x0000047a                __vector_2
                0x0000047a                __vector_21
                0x0000047a                __vector_15
                0x0000047a                __vector_66
                0x0000047a                __vector_36
                0x0000047a                __vector_79
                0x0000047a                __vector_58
                0x0000047a                __vector_70
                0x0000047a                __vector_83
                0x0000047a                __vector_29
                0x0000047a                __vector_60
                0x0000047a                __vector_121
                0x0000047a                __vector_40
                0x0000047a                __vector_85
                0x0000047a                __vector_94
                0x0000047a                __vector_126
                0x0000047a                __vector_8
                0x0000047a                __vector_26
                0x0000047a                __vector_48
                0x0000047a                __vector_124
                0x0000047a                __vector_116
                0x0000047a                __vector_112
                0x0000047a                __vector_111
                0x0000047a                __vector_80
                0x0000047a                __vector_84
                0x0000047a                __vector_57
                0x0000047a                __vector_53
                0x0000047a                __vector_10
                0x0000047a                __vector_50
                0x0000047a                __vector_16
                0x0000047a                __vector_59
                0x0000047a                __vector_18
                0x0000047a                __vector_97
                0x0000047a                __vector_20
                0x0000047a                __vector_42
                0x0000047a                __vector_87
                0x0000047a                __vector_65
                0x0000047a                __vector_120
                0x0000047c                . = ALIGN (0x2)
 *(.text.*)
 .text.AnalogUpdate
                0x0000047c      0x312 ADC.o
                0x0000047c                AnalogUpdate
 .text.__vector_default
                0x0000078e       0x1e CanSat.o
                0x0000078e                __vector_default
 .text.__vector_119
                0x000007ac      0x34e CanSat.o
                0x000007ac                __vector_119
 .text.__vector_88
                0x00000afa      0x1c8 CanSat.o
                0x00000afa                __vector_88
 .text.__vector_14
                0x00000cc2       0x88 CanSat.o
                0x00000cc2                __vector_14
 .text.__vector_77
                0x00000d4a       0xe8 CanSat.o
                0x00000d4a                __vector_77
 .text.__vector_47
                0x00000e32       0x22 CanSat.o
                0x00000e32                __vector_47
 .text.__vector_108
                0x00000e54       0xb8 CanSat.o
                0x00000e54                __vector_108
 .text.SensorCal
                0x00000f0c      0x39c CanSat.o
                0x00000f0c                SensorCal
 .text.Initialization
                0x000012a8      0x10a CanSat.o
                0x000012a8                Initialization
 .text.InitMemoryRead
                0x000013b2      0x152 CanSat.o
                0x000013b2                InitMemoryRead
 .text.WarmUp   0x00001504       0x88 CanSat.o
                0x00001504                WarmUp
 .text.WarmUpMemoryOperations
                0x0000158c       0xc2 CanSat.o
                0x0000158c                WarmUpMemoryOperations
 .text.startup.main
                0x0000164e      0x526 CanSat.o
                0x0000164e                main
 .text.I2C_ReadEnd
                0x00001b74       0x18 I2C.o
                0x00001b74                I2C_ReadEnd
 .text.I2C_WriteReg
                0x00001b8c       0x2c I2C.o
                0x00001b8c                I2C_WriteReg
 .text.I2C_ReadRegister
                0x00001bb8       0x64 I2C.o
                0x00001bb8                I2C_ReadRegister
 .text.imuComputeRotationMatrix
                0x00001c1c      0x2b6 orientation.o
                0x00001c1c                imuComputeRotationMatrix
 .text.Orientation_CalcKinematics
                0x00001ed2      0x1fe orientation.o
                0x00001ed2                Orientation_CalcKinematics
 .text.Orientation_CalcOrientation
                0x000020d0      0xa8c orientation.o
                0x000020d0                Orientation_CalcOrientation
 .text.SPI_W_Byte
                0x00002b5c       0x24 SPI.o
                0x00002b5c                SPI_W_Byte
 .text.SPI_R_Byte
                0x00002b80       0x12 SPI.o
                0x00002b80                SPI_R_Byte
 .text.SPI_CS   0x00002b92       0x14 SPI.o
                0x00002b92                SPI_CS
 .text.SPI_ChipErase
                0x00002ba6      0x112 SPI.o
                0x00002ba6                SPI_ChipErase
 .text.SPI_WriteNBytes
                0x00002cb8      0x122 SPI.o
                0x00002cb8                SPI_WriteNBytes
 .text.SPI_FindEnd
                0x00002dda       0xf0 SPI.o
                0x00002dda                SPI_FindEnd
 .text.SPI_WriteFrame
                0x00002eca       0xb6 SPI.o
                0x00002eca                SPI_WriteFrame
 .text.SPI_WriteProtection
                0x00002f80       0x54 SPI.o
                0x00002f80                SPI_WriteProtection
 .text.CPU_clk  0x00002fd4       0x76 Initialization.o
                0x00002fd4                CPU_clk
 .text.OscRTC   0x0000304a        0x2 Initialization.o
                0x0000304a                OscRTC
 .text.RTC_Init
                0x0000304c        0x2 Initialization.o
                0x0000304c                RTC_Init
 .text.TimerCInit
                0x0000304e       0x3e Initialization.o
                0x0000304e                TimerCInit
 .text.TimerDInit
                0x0000308c       0x3e Initialization.o
                0x0000308c                TimerDInit
 .text.TimerEInit
                0x000030ca       0x3e Initialization.o
                0x000030ca                TimerEInit
 .text.TimerFInit
                0x00003108       0x4a Initialization.o
                0x00003108                TimerFInit
 .text.ADC_Init
                0x00003152       0x50 Initialization.o
                0x00003152                ADC_Init
 .text.GPS_Init
                0x000031a2       0x2c Initialization.o
                0x000031a2                GPS_Init
 .text.GPS_Conf
                0x000031ce        0x2 Initialization.o
                0x000031ce                GPS_Conf
 .text.USART_Init
                0x000031d0       0x2c Initialization.o
                0x000031d0                USART_Init
 .text.IO_Init  0x000031fc       0xb0 Initialization.o
                0x000031fc                IO_Init
 .text.I2C_Init
                0x000032ac       0x1a Initialization.o
                0x000032ac                I2C_Init
 .text.SPI_Init
                0x000032c6       0x26 Initialization.o
                0x000032c6                SPI_Init
 .text.DMA_init
                0x000032ec        0x8 Initialization.o
                0x000032ec                DMA_init
 .text.LIS331HH_WakeUp
                0x000032f4       0x62 LIS331HH.o
                0x000032f4                LIS331HH_WakeUp
 .text.LIS331HH_Update
                0x00003356       0x90 LIS331HH.o
                0x00003356                LIS331HH_Update
 .text.LIS331HH_Calc
                0x000033e6       0xea LIS331HH.o
                0x000033e6                LIS331HH_Calc
 .text.LPS25H_config
                0x000034d0       0x1e LPS25H.o
                0x000034d0                LPS25H_config
 .text.LPS25H_update
                0x000034ee       0x5c LPS25H.o
                0x000034ee                LPS25H_update
 .text.LPS25H_calc
                0x0000354a       0x58 LPS25H.o
                0x0000354a                LPS25H_calc
 .text.altitudeCalcLPS
                0x000035a2      0x134 LPS25H.o
                0x000035a2                altitudeCalcLPS
 .text.LSM9DS0_Init
                0x000036d6      0x14e LSM9DS0.o
                0x000036d6                LSM9DS0_Init
 .text.LSM9DS0_Update
                0x00003824      0x3f6 LSM9DS0.o
                0x00003824                LSM9DS0_Update
 .text.MPU9150_WakeUp
                0x00003c1a       0x28 MPU9150.o
                0x00003c1a                MPU9150_WakeUp
 .text.MPU9150_RawUpdate
                0x00003c42       0x98 MPU9150.o
                0x00003c42                MPU9150_RawUpdate
 .text.MPU9150_Conv
                0x00003cda      0x208 MPU9150.o
                0x00003cda                MPU9150_Conv
 .text.prepareFrame
                0x00003ee2      0x188 util.o
                0x00003ee2                prepareFrame
 .text.GPSbuf_init
                0x0000406a       0x50 util.o
                0x0000406a                GPSbuf_init
 .text.UART_Xbee_DMA_transfer_nonblocking_start
                0x000040ba       0x2a util.o
                0x000040ba                UART_Xbee_DMA_transfer_nonblocking_start
 .text.UART_Xbee_DMA_transfer_blocking_start
                0x000040e4       0x46 util.o
                0x000040e4                UART_Xbee_DMA_transfer_blocking_start
 .text.UART_Xbee_DMA_transfer_nonblocking_ready
                0x0000412a        0x8 util.o
                0x0000412a                UART_Xbee_DMA_transfer_nonblocking_ready
 .text.GPS_toNumber
                0x00004132      0x194 util.o
                0x00004132                GPS_toNumber
 .text.avr-libc.fplib
                0x000042c6       0x1c c:/program files (x86)/atmel/studio/7.0/toolchain/avr8/avr8-gnu-toolchain/bin/../lib/gcc/avr/5.4.0/../../../../avr/lib/avrxmega6\libm.a(acos.o)
                0x000042c6                acos
 .text.avr-libc.fplib
                0x000042e2        0xa c:/program files (x86)/atmel/studio/7.0/toolchain/avr8/avr8-gnu-toolchain/bin/../lib/gcc/avr/5.4.0/../../../../avr/lib/avrxmega6\libm.a(addsf3.o)
                0x000042e2                __subsf3
                0x000042e4                __addsf3
 .text.avr-libc.fplib
                0x000042ec       0xc0 c:/program files (x86)/atmel/studio/7.0/toolchain/avr8/avr8-gnu-toolchain/bin/../lib/gcc/avr/5.4.0/../../../../avr/lib/avrxmega6\libm.a(addsf3x.o)
                0x00004306                __addsf3x
 .text.avr-libc.fplib
                0x000043ac       0x74 c:/program files (x86)/atmel/studio/7.0/toolchain/avr8/avr8-gnu-toolchain/bin/../lib/gcc/avr/5.4.0/../../../../avr/lib/avrxmega6\libm.a(atan2.o)
                0x000043ca                atan2
 .text.avr-libc.fplib
                0x00004420       0x50 c:/program files (x86)/atmel/studio/7.0/toolchain/avr8/avr8-gnu-toolchain/bin/../lib/gcc/avr/5.4.0/../../../../avr/lib/avrxmega6\libm.a(atan.o)
                0x00004420                atan
 .text.avr-libc.fplib
                0x00004470        0x8 c:/program files (x86)/atmel/studio/7.0/toolchain/avr8/avr8-gnu-toolchain/bin/../lib/gcc/avr/5.4.0/../../../../avr/lib/avrxmega6\libm.a(cmpsf2.o)
                0x00004470                __nesf2
                0x00004470                __eqsf2
                0x00004470                __cmpsf2
                0x00004470                __ltsf2
                0x00004470                __lesf2
 .text.avr-libc.fplib
                0x00004478        0x4 c:/program files (x86)/atmel/studio/7.0/toolchain/avr8/avr8-gnu-toolchain/bin/../lib/gcc/avr/5.4.0/../../../../avr/lib/avrxmega6\libm.a(divsf3.o)
                0x00004478                __divsf3
 .text.avr-libc.fplib
                0x0000447c       0xcc c:/program files (x86)/atmel/studio/7.0/toolchain/avr8/avr8-gnu-toolchain/bin/../lib/gcc/avr/5.4.0/../../../../avr/lib/avrxmega6\libm.a(divsf3x.o)
                0x00004492                __divsf3x
                0x00004496                __divsf3_pse
 .text.avr-libc.fplib
                0x00004548        0xa c:/program files (x86)/atmel/studio/7.0/toolchain/avr8/avr8-gnu-toolchain/bin/../lib/gcc/avr/5.4.0/../../../../avr/lib/avrxmega6\libm.a(fixsfsi.o)
                0x00004548                __fixsfsi
 .text.avr-libc.fplib
                0x00004552       0x58 c:/program files (x86)/atmel/studio/7.0/toolchain/avr8/avr8-gnu-toolchain/bin/../lib/gcc/avr/5.4.0/../../../../avr/lib/avrxmega6\libm.a(fixunssfsi.o)
                0x00004552                __fixunssfsi
 .text.avr-libc.fplib
                0x000045aa       0x7a c:/program files (x86)/atmel/studio/7.0/toolchain/avr8/avr8-gnu-toolchain/bin/../lib/gcc/avr/5.4.0/../../../../avr/lib/avrxmega6\libm.a(floatsisf.o)
                0x000045aa                __floatunsisf
                0x000045ae                __floatsisf
 .text.avr-libc.fplib
                0x00004624       0x36 c:/program files (x86)/atmel/studio/7.0/toolchain/avr8/avr8-gnu-toolchain/bin/../lib/gcc/avr/5.4.0/../../../../avr/lib/avrxmega6\libm.a(fp_arccos.o)
                0x00004624                __fp_arccos
 .text.avr-libc.fplib
                0x0000465a       0x48 c:/program files (x86)/atmel/studio/7.0/toolchain/avr8/avr8-gnu-toolchain/bin/../lib/gcc/avr/5.4.0/../../../../avr/lib/avrxmega6\libm.a(fp_cmp.o)
                0x0000465a                __fp_cmp
 .text.avr-libc.fplib
                0x000046a2        0xc c:/program files (x86)/atmel/studio/7.0/toolchain/avr8/avr8-gnu-toolchain/bin/../lib/gcc/avr/5.4.0/../../../../avr/lib/avrxmega6\libm.a(fp_inf.o)
                0x000046a2                __fp_inf
 .text.avr-libc.fplib
                0x000046ae        0x6 c:/program files (x86)/atmel/studio/7.0/toolchain/avr8/avr8-gnu-toolchain/bin/../lib/gcc/avr/5.4.0/../../../../avr/lib/avrxmega6\libm.a(fp_nan.o)
                0x000046ae                __fp_nan
 .text.avr-libc.fplib
                0x000046b4       0x4a c:/program files (x86)/atmel/studio/7.0/toolchain/avr8/avr8-gnu-toolchain/bin/../lib/gcc/avr/5.4.0/../../../../avr/lib/avrxmega6\libm.a(fp_powser.o)
                0x000046b4                __fp_powser
 .text.avr-libc.fplib
                0x000046fe        0xe c:/program files (x86)/atmel/studio/7.0/toolchain/avr8/avr8-gnu-toolchain/bin/../lib/gcc/avr/5.4.0/../../../../avr/lib/avrxmega6\libm.a(fp_pscA.o)
                0x000046fe                __fp_pscA
 .text.avr-libc.fplib
                0x0000470c        0xe c:/program files (x86)/atmel/studio/7.0/toolchain/avr8/avr8-gnu-toolchain/bin/../lib/gcc/avr/5.4.0/../../../../avr/lib/avrxmega6\libm.a(fp_pscB.o)
                0x0000470c                __fp_pscB
 .text.avr-libc.fplib
                0x0000471a       0x22 c:/program files (x86)/atmel/studio/7.0/toolchain/avr8/avr8-gnu-toolchain/bin/../lib/gcc/avr/5.4.0/../../../../avr/lib/avrxmega6\libm.a(fp_round.o)
                0x0000471a                __fp_round
 .text.avr-libc.fplib
                0x0000473c       0x44 c:/program files (x86)/atmel/studio/7.0/toolchain/avr8/avr8-gnu-toolchain/bin/../lib/gcc/avr/5.4.0/../../../../avr/lib/avrxmega6\libm.a(fp_split3.o)
                0x0000473c                __fp_split3
                0x0000474c                __fp_splitA
 .text.avr-libc.fplib
                0x00004780        0xe c:/program files (x86)/atmel/studio/7.0/toolchain/avr8/avr8-gnu-toolchain/bin/../lib/gcc/avr/5.4.0/../../../../avr/lib/avrxmega6\libm.a(fp_zero.o)
                0x00004780                __fp_zero
                0x00004782                __fp_szero
 .text.avr-libc.fplib
                0x0000478e        0x8 c:/program files (x86)/atmel/studio/7.0/toolchain/avr8/avr8-gnu-toolchain/bin/../lib/gcc/avr/5.4.0/../../../../avr/lib/avrxmega6\libm.a(gesf2.o)
                0x0000478e                __gesf2
                0x0000478e                __gtsf2
 .text.avr-libc.fplib
                0x00004796        0xe c:/program files (x86)/atmel/studio/7.0/toolchain/avr8/avr8-gnu-toolchain/bin/../lib/gcc/avr/5.4.0/../../../../avr/lib/avrxmega6\libm.a(inverse.o)
                0x00004796                inverse
 .text.avr-libc.fplib
                0x000047a4        0x4 c:/program files (x86)/atmel/studio/7.0/toolchain/avr8/avr8-gnu-toolchain/bin/../lib/gcc/avr/5.4.0/../../../../avr/lib/avrxmega6\libm.a(mulsf3.o)
                0x000047a4                __mulsf3
 .text.avr-libc.fplib
                0x000047a8       0xc2 c:/program files (x86)/atmel/studio/7.0/toolchain/avr8/avr8-gnu-toolchain/bin/../lib/gcc/avr/5.4.0/../../../../avr/lib/avrxmega6\libm.a(mulsf3x.o)
                0x000047bc                __mulsf3x
                0x000047c0                __mulsf3_pse
 .text.avr-libc.fplib
                0x0000486a       0x98 c:/program files (x86)/atmel/studio/7.0/toolchain/avr8/avr8-gnu-toolchain/bin/../lib/gcc/avr/5.4.0/../../../../avr/lib/avrxmega6\libm.a(pow.o)
                0x0000486a                pow
 .text.avr-libc.fplib
                0x00004902       0x84 c:/program files (x86)/atmel/studio/7.0/toolchain/avr8/avr8-gnu-toolchain/bin/../lib/gcc/avr/5.4.0/../../../../avr/lib/avrxmega6\libm.a(sqrt.o)
                0x0000490a                sqrtf
                0x0000490a                sqrt
 .text.avr-libc.fplib
                0x00004986        0x6 c:/program files (x86)/atmel/studio/7.0/toolchain/avr8/avr8-gnu-toolchain/bin/../lib/gcc/avr/5.4.0/../../../../avr/lib/avrxmega6\libm.a(square.o)
                0x00004986                square
 .text.avr-libc.fplib
                0x0000498c       0x62 c:/program files (x86)/atmel/studio/7.0/toolchain/avr8/avr8-gnu-toolchain/bin/../lib/gcc/avr/5.4.0/../../../../avr/lib/avrxmega6\libm.a(exp.o)
                0x00004996                exp
 .text.avr-libc.fplib
                0x000049ee       0x1c c:/program files (x86)/atmel/studio/7.0/toolchain/avr8/avr8-gnu-toolchain/bin/../lib/gcc/avr/5.4.0/../../../../avr/lib/avrxmega6\libm.a(fp_mpack.o)
                0x000049ee                __fp_mpack
                0x000049f2                __fp_mpack_finite
 .text.avr-libc.fplib
                0x00004a0a        0xe c:/program files (x86)/atmel/studio/7.0/toolchain/avr8/avr8-gnu-toolchain/bin/../lib/gcc/avr/5.4.0/../../../../avr/lib/avrxmega6\libm.a(fp_norm2.o)
                0x00004a0a                __fp_norm2
 .text.avr-libc.fplib
                0x00004a18       0x6c c:/program files (x86)/atmel/studio/7.0/toolchain/avr8/avr8-gnu-toolchain/bin/../lib/gcc/avr/5.4.0/../../../../avr/lib/avrxmega6\libm.a(ldexp.o)
                0x00004a1c                ldexp
 .text.avr-libc.fplib
                0x00004a84       0x8a c:/program files (x86)/atmel/studio/7.0/toolchain/avr8/avr8-gnu-toolchain/bin/../lib/gcc/avr/5.4.0/../../../../avr/lib/avrxmega6\libm.a(log.o)
                0x00004a8e                log
 .text.avr-libc.fplib
                0x00004b0e       0x66 c:/program files (x86)/atmel/studio/7.0/toolchain/avr8/avr8-gnu-toolchain/bin/../lib/gcc/avr/5.4.0/../../../../avr/lib/avrxmega6\libm.a(modf.o)
                0x00004b0e                modf
                0x00004b0e                modff
 .text.avr-libc
                0x00004b74      0x706 c:/program files (x86)/atmel/studio/7.0/toolchain/avr8/avr8-gnu-toolchain/bin/../lib/gcc/avr/5.4.0/../../../../avr/lib/avrxmega6\libprintf_flt.a(vfprintf_flt.o)
                0x00004b74                vfprintf
 .text.libgcc.div
                0x0000527a       0x44 c:/program files (x86)/atmel/studio/7.0/toolchain/avr8/avr8-gnu-toolchain/bin/../lib/gcc/avr/5.4.0/avrxmega6\libgcc.a(_udivmodsi4.o)
                0x0000527a                __udivmodsi4
 .text.libgcc   0x000052be       0x10 c:/program files (x86)/atmel/studio/7.0/toolchain/avr8/avr8-gnu-toolchain/bin/../lib/gcc/avr/5.4.0/avrxmega6\libgcc.a(_tablejump2.o)
                0x000052be                __tablejump2__
 .text.libgcc.mul
                0x000052ce       0x1e c:/program files (x86)/atmel/studio/7.0/toolchain/avr8/avr8-gnu-toolchain/bin/../lib/gcc/avr/5.4.0/avrxmega6\libgcc.a(_umulhisi3.o)
                0x000052ce                __umulhisi3
 .text.libgcc.mul
                0x000052ec       0x14 c:/program files (x86)/atmel/studio/7.0/toolchain/avr8/avr8-gnu-toolchain/bin/../lib/gcc/avr/5.4.0/avrxmega6\libgcc.a(_muluhisi3.o)
                0x000052ec                __muluhisi3
 .text.avr-libc
                0x00005300        0x6 c:/program files (x86)/atmel/studio/7.0/toolchain/avr8/avr8-gnu-toolchain/bin/../lib/gcc/avr/5.4.0/../../../../avr/lib/avrxmega6\libc.a(atof.o)
                0x00005300                atof
 .text.avr-libc
                0x00005306       0x3a c:/program files (x86)/atmel/studio/7.0/toolchain/avr8/avr8-gnu-toolchain/bin/../lib/gcc/avr/5.4.0/../../../../avr/lib/avrxmega6\libc.a(atoi.o)
                0x00005306                atoi
 .text.avr-libc
                0x00005340       0x4c c:/program files (x86)/atmel/studio/7.0/toolchain/avr8/avr8-gnu-toolchain/bin/../lib/gcc/avr/5.4.0/../../../../avr/lib/avrxmega6\libc.a(atol.o)
                0x00005340                atol
 .text.avr-libc
                0x0000538c      0x1b0 c:/program files (x86)/atmel/studio/7.0/toolchain/avr8/avr8-gnu-toolchain/bin/../lib/gcc/avr/5.4.0/../../../../avr/lib/avrxmega6\libc.a(ftoa_engine.o)
                0x0000538c                __ftoa_engine
 .text.avr-libc
                0x0000553c       0x16 c:/program files (x86)/atmel/studio/7.0/toolchain/avr8/avr8-gnu-toolchain/bin/../lib/gcc/avr/5.4.0/../../../../avr/lib/avrxmega6\libc.a(strnlen_P.o)
                0x0000553c                strnlen_P
 .text.avr-libc
                0x00005552       0x16 c:/program files (x86)/atmel/studio/7.0/toolchain/avr8/avr8-gnu-toolchain/bin/../lib/gcc/avr/5.4.0/../../../../avr/lib/avrxmega6\libc.a(strnlen.o)
                0x00005552                strnlen
 .text.avr-libc
                0x00005568       0x2a c:/program files (x86)/atmel/studio/7.0/toolchain/avr8/avr8-gnu-toolchain/bin/../lib/gcc/avr/5.4.0/../../../../avr/lib/avrxmega6\libc.a(mulsi10.o)
                0x00005568                __mulsi_const_10
 .text.avr-libc
                0x00005592       0x10 c:/program files (x86)/atmel/studio/7.0/toolchain/avr8/avr8-gnu-toolchain/bin/../lib/gcc/avr/5.4.0/../../../../avr/lib/avrxmega6\libc.a(mul10.o)
                0x00005592                __mulhi_const_10
 .text.avr-libc
                0x000055a2       0x78 c:/program files (x86)/atmel/studio/7.0/toolchain/avr8/avr8-gnu-toolchain/bin/../lib/gcc/avr/5.4.0/../../../../avr/lib/avrxmega6\libc.a(fputc.o)
                0x000055a2                fputc
 .text.avr-libc
                0x0000561a       0x50 c:/program files (x86)/atmel/studio/7.0/toolchain/avr8/avr8-gnu-toolchain/bin/../lib/gcc/avr/5.4.0/../../../../avr/lib/avrxmega6\libc.a(sprintf.o)
                0x0000561a                sprintf
 .text.avr-libc
                0x0000566a       0xbc c:/program files (x86)/atmel/studio/7.0/toolchain/avr8/avr8-gnu-toolchain/bin/../lib/gcc/avr/5.4.0/../../../../avr/lib/avrxmega6\libc.a(ultoa_invert.o)
                0x0000566a                __ultoa_invert
 .text.avr-libc
                0x00005726      0x2ae c:/program files (x86)/atmel/studio/7.0/toolchain/avr8/avr8-gnu-toolchain/bin/../lib/gcc/avr/5.4.0/../../../../avr/lib/avrxmega6\libc.a(strtod.o)
                0x00005726                strtod
 .text.avr-libc
                0x000059d4       0x10 c:/program files (x86)/atmel/studio/7.0/toolchain/avr8/avr8-gnu-toolchain/bin/../lib/gcc/avr/5.4.0/../../../../avr/lib/avrxmega6\libc.a(isspace.o)
                0x000059d4                isspace
 .text.avr-libc
                0x000059e4       0x30 c:/program files (x86)/atmel/studio/7.0/toolchain/avr8/avr8-gnu-toolchain/bin/../lib/gcc/avr/5.4.0/../../../../avr/lib/avrxmega6\libc.a(strncasecmp_P.o)
                0x000059e4                strncasecmp_P
 .text.avr-libc
                0x00005a14        0x6 c:/program files (x86)/atmel/studio/7.0/toolchain/avr8/avr8-gnu-toolchain/bin/../lib/gcc/avr/5.4.0/../../../../avr/lib/avrxmega6\libc.a(cty_isfalse.o)
                0x00005a14                __ctype_isfalse
                0x00005a18                __ctype_istrue
                0x00005a1a                . = ALIGN (0x2)
 *(.fini9)
 .fini9         0x00005a1a        0x0 c:/program files (x86)/atmel/studio/7.0/toolchain/avr8/avr8-gnu-toolchain/bin/../lib/gcc/avr/5.4.0/avrxmega6\libgcc.a(_exit.o)
                0x00005a1a                _exit
                0x00005a1a                exit
 *(.fini9)
 *(.fini8)
 *(.fini8)
 *(.fini7)
 *(.fini7)
 *(.fini6)
 *(.fini6)
 *(.fini5)
 *(.fini5)
 *(.fini4)
 *(.fini4)
 *(.fini3)
 *(.fini3)
 *(.fini2)
 *(.fini2)
 *(.fini1)
 *(.fini1)
 *(.fini0)
 .fini0         0x00005a1a        0x4 c:/program files (x86)/atmel/studio/7.0/toolchain/avr8/avr8-gnu-toolchain/bin/../lib/gcc/avr/5.4.0/avrxmega6\libgcc.a(_exit.o)
 *(.fini0)
                0x00005a1e                _etext = .

.data           0x00802000      0x11e load address 0x00005a1e
                0x00802000                PROVIDE (__data_start, .)
 *(.data)
 *(.data*)
 *(.gnu.linkonce.d*)
 *(.rodata)
 .rodata        0x00802000       0x95 CanSat.o
 *(.rodata*)
 .rodata.str1.1
                0x00802095        0xb CanSat.o
 .rodata.str1.1
                0x008020a0       0x7d util.o
 *(.gnu.linkonce.r*)
                0x0080211e                . = ALIGN (0x2)
 *fill*         0x0080211d        0x1 
                0x0080211e                _edata = .
                0x0080211e                PROVIDE (__data_end, .)

.bss            0x0080211e      0xa0f
                0x0080211e                PROVIDE (__bss_start, .)
 *(.bss)
 *(.bss*)
 .bss.orientation_d
                0x0080211e       0x40 CanSat.o
 .bss.timer_buffer
                0x0080215e        0x4 CanSat.o
 .bss.SPIaddress
                0x00802162        0x4 CanSat.o
 .bss.FLASH_pageStruct_d
                0x00802166      0x203 CanSat.o
 .bss.buzzer_d  0x00802369        0x4 CanSat.o
 .bss.Calibration_d
                0x0080236d       0x23 CanSat.o
 .bss.LIS331HH_d
                0x00802390       0x12 CanSat.o
 .bss.LPS25H_d  0x008023a2       0x1e CanSat.o
 .bss.GPS_d     0x008023c0       0x54 CanSat.o
 .bss.GPS_b     0x00802414       0x54 CanSat.o
 .bss.frame_b   0x00802468      0x286 CanSat.o
 .bss.frame_d   0x008026ee      0x286 CanSat.o
 .bss.stan_d    0x00802974        0x9 CanSat.o
 .bss.LSM9DS0_d
                0x0080297d       0x66 CanSat.o
 .bss.MPU9150_d
                0x008029e3       0x64 CanSat.o
 .bss.RTC_d     0x00802a47        0xc CanSat.o
 .bss.boardOrient_d
                0x00802a53       0x12 CanSat.o
 .bss.allData_d
                0x00802a65       0x1c CanSat.o
 .bss.Inertial_d
                0x00802a81       0x24 CanSat.o
 .bss.SensorData_d
                0x00802aa5       0x66 CanSat.o
 *(COMMON)
 COMMON         0x00802b0b       0x20 CanSat.o
                0x00802b0b                ADC_d
 COMMON         0x00802b2b        0x2 c:/program files (x86)/atmel/studio/7.0/toolchain/avr8/avr8-gnu-toolchain/bin/../lib/gcc/avr/5.4.0/../../../../avr/lib/avrxmega6\libc.a(errno.o)
                0x00802b2b                errno
                0x00802b2d                PROVIDE (__bss_end, .)
                0x00005a1e                __data_load_start = LOADADDR (.data)
                0x00005b3c                __data_load_end = (__data_load_start + SIZEOF (.data))

.noinit         0x00802b2d        0x0
                [!provide]                PROVIDE (__noinit_start, .)
 *(.noinit*)
                [!provide]                PROVIDE (__noinit_end, .)
                0x00802b2d                _end = .
                [!provide]                PROVIDE (__heap_start, .)

.eeprom         0x00810000        0x0
 *(.eeprom*)
                0x00810000                __eeprom_end = .

.fuse
 *(.fuse)
 *(.lfuse)
 *(.hfuse)
 *(.efuse)

.lock
 *(.lock*)

.signature
 *(.signature*)

.user_signatures
 *(.user_signatures*)

.stab
 *(.stab)

.stabstr
 *(.stabstr)

.stab.excl
 *(.stab.excl)

.stab.exclstr
 *(.stab.exclstr)

.stab.index
 *(.stab.index)

.stab.indexstr
 *(.stab.indexstr)

.comment        0x00000000       0x5c
 *(.comment)
 .comment       0x00000000       0x30 ADC.o
                                 0x31 (size before relaxing)
 .comment       0x00000030       0x31 CanSat.o
 .comment       0x00000030       0x31 I2C.o
 .comment       0x00000030       0x31 orientation.o
 .comment       0x00000030       0x31 SPI.o
 .comment       0x00000030       0x31 Initialization.o
 .comment       0x00000030       0x31 LIS331HH.o
 .comment       0x00000030       0x31 LPS25H.o
 .comment       0x00000030       0x31 LSM9DS0.o
 .comment       0x00000030       0x31 MPU9150.o
 .comment       0x00000030       0x31 util.o
 .comment       0x00000030       0x2c c:/program files (x86)/atmel/studio/7.0/toolchain/avr8/avr8-gnu-toolchain/bin/../lib/gcc/avr/5.4.0/../../../../avr/lib/avrxmega6\libprintf_flt.a(vfprintf_flt.o)
                                 0x2d (size before relaxing)
 .comment       0x0000005c       0x31 c:/program files (x86)/atmel/studio/7.0/toolchain/avr8/avr8-gnu-toolchain/bin/../lib/gcc/avr/5.4.0/../../../../avr/lib/avrxmega6\libc.a(fputc.o)
 .comment       0x0000005c       0x31 c:/program files (x86)/atmel/studio/7.0/toolchain/avr8/avr8-gnu-toolchain/bin/../lib/gcc/avr/5.4.0/../../../../avr/lib/avrxmega6\libc.a(sprintf.o)
 .comment       0x0000005c       0x31 c:/program files (x86)/atmel/studio/7.0/toolchain/avr8/avr8-gnu-toolchain/bin/../lib/gcc/avr/5.4.0/../../../../avr/lib/avrxmega6\libc.a(strtod.o)
 .comment       0x0000005c       0x2d c:/program files (x86)/atmel/studio/7.0/toolchain/avr8/avr8-gnu-toolchain/bin/../lib/gcc/avr/5.4.0/../../../../avr/lib/avrxmega6\libc.a(errno.o)

.note.gnu.avr.deviceinfo
                0x00000000       0x44
 .note.gnu.avr.deviceinfo
                0x00000000       0x44 c:/program files (x86)/atmel/studio/7.0/toolchain/avr8/avr8-gnu-toolchain/bin/../lib/gcc/avr/5.4.0/../../../../avr/lib/avrxmega6/crtatxmega256a3bu.o

.note.gnu.build-id
 *(.note.gnu.build-id)

.debug
 *(.debug)

.line
 *(.line)

.debug_srcinfo
 *(.debug_srcinfo)

.debug_sfnames
 *(.debug_sfnames)

.debug_aranges  0x00000000      0x450
 *(.debug_aranges)
 .debug_aranges
                0x00000000       0x20 ADC.o
 .debug_aranges
                0x00000020      0x100 CanSat.o
 .debug_aranges
                0x00000120       0x30 I2C.o
 .debug_aranges
                0x00000150       0x70 orientation.o
 .debug_aranges
                0x000001c0       0xa0 SPI.o
 .debug_aranges
                0x00000260       0x90 Initialization.o
 .debug_aranges
                0x000002f0       0x38 LIS331HH.o
 .debug_aranges
                0x00000328       0x40 LPS25H.o
 .debug_aranges
                0x00000368       0x28 LSM9DS0.o
 .debug_aranges
                0x00000390       0x60 MPU9150.o
 .debug_aranges
                0x000003f0       0x60 util.o

.debug_pubnames
 *(.debug_pubnames)

.debug_info     0x00000000     0xd308
 *(.debug_info .gnu.linkonce.wi.*)
 .debug_info    0x00000000     0x3379 c:/program files (x86)/atmel/studio/7.0/toolchain/avr8/avr8-gnu-toolchain/bin/../lib/gcc/avr/5.4.0/../../../../avr/lib/avrxmega6/crtatxmega256a3bu.o
 .debug_info    0x00003379      0x70c ADC.o
 .debug_info    0x00003a85     0x2bfa CanSat.o
 .debug_info    0x0000667f      0x35e I2C.o
 .debug_info    0x000069dd      0xf10 orientation.o
 .debug_info    0x000078ed     0x14cf SPI.o
 .debug_info    0x00008dbc     0x1375 Initialization.o
 .debug_info    0x0000a131      0x479 LIS331HH.o
 .debug_info    0x0000a5aa      0x33b LPS25H.o
 .debug_info    0x0000a8e5      0x5eb LSM9DS0.o
 .debug_info    0x0000aed0      0x8e7 MPU9150.o
 .debug_info    0x0000b7b7     0x1b51 util.o

.debug_abbrev   0x00000000     0x4944
 *(.debug_abbrev)
 .debug_abbrev  0x00000000     0x30c4 c:/program files (x86)/atmel/studio/7.0/toolchain/avr8/avr8-gnu-toolchain/bin/../lib/gcc/avr/5.4.0/../../../../avr/lib/avrxmega6/crtatxmega256a3bu.o
 .debug_abbrev  0x000030c4      0x160 ADC.o
 .debug_abbrev  0x00003224      0x515 CanSat.o
 .debug_abbrev  0x00003739      0x161 I2C.o
 .debug_abbrev  0x0000389a      0x2cd orientation.o
 .debug_abbrev  0x00003b67      0x243 SPI.o
 .debug_abbrev  0x00003daa      0x286 Initialization.o
 .debug_abbrev  0x00004030      0x1b2 LIS331HH.o
 .debug_abbrev  0x000041e2      0x18a LPS25H.o
 .debug_abbrev  0x0000436c      0x123 LSM9DS0.o
 .debug_abbrev  0x0000448f      0x210 MPU9150.o
 .debug_abbrev  0x0000469f      0x2a5 util.o

.debug_line     0x00000000     0x3b83
 *(.debug_line .debug_line.* .debug_line_end)
 .debug_line    0x00000000       0x1a c:/program files (x86)/atmel/studio/7.0/toolchain/avr8/avr8-gnu-toolchain/bin/../lib/gcc/avr/5.4.0/../../../../avr/lib/avrxmega6/crtatxmega256a3bu.o
 .debug_line    0x0000001a      0x22e ADC.o
 .debug_line    0x00000248     0x11d6 CanSat.o
 .debug_line    0x0000141e      0x1e4 I2C.o
 .debug_line    0x00001602      0x610 orientation.o
 .debug_line    0x00001c12      0x97a SPI.o
 .debug_line    0x0000258c      0x53b Initialization.o
 .debug_line    0x00002ac7      0x26d LIS331HH.o
 .debug_line    0x00002d34      0x174 LPS25H.o
 .debug_line    0x00002ea8      0x415 LSM9DS0.o
 .debug_line    0x000032bd      0x3c1 MPU9150.o
 .debug_line    0x0000367e      0x505 util.o

.debug_frame    0x00000000     0x1214
 *(.debug_frame)
 .debug_frame   0x00000000       0x7c ADC.o
 .debug_frame   0x0000007c      0x4a0 CanSat.o
 .debug_frame   0x0000051c       0x44 I2C.o
 .debug_frame   0x00000560      0x3e0 orientation.o
 .debug_frame   0x00000940      0x284 SPI.o
 .debug_frame   0x00000bc4      0x13c Initialization.o
 .debug_frame   0x00000d00       0x98 LIS331HH.o
 .debug_frame   0x00000d98       0xec LPS25H.o
 .debug_frame   0x00000e84       0x48 LSM9DS0.o
 .debug_frame   0x00000ecc      0x12c MPU9150.o
 .debug_frame   0x00000ff8      0x21c util.o

.debug_str      0x00000000     0x564f
 *(.debug_str)
 .debug_str     0x00000000     0x21e4 c:/program files (x86)/atmel/studio/7.0/toolchain/avr8/avr8-gnu-toolchain/bin/../lib/gcc/avr/5.4.0/../../../../avr/lib/avrxmega6/crtatxmega256a3bu.o
 .debug_str     0x000021e4      0x755 ADC.o
                                0x7b1 (size before relaxing)
 .debug_str     0x00002939      0xf7a CanSat.o
                               0x12f3 (size before relaxing)
 .debug_str     0x000038b3      0x132 I2C.o
                                0x30e (size before relaxing)
 .debug_str     0x000039e5      0x1f9 orientation.o
                                0x6a7 (size before relaxing)
 .debug_str     0x00003bde       0xe2 SPI.o
                                0x432 (size before relaxing)
 .debug_str     0x00003cc0      0xcf4 Initialization.o
                               0x1321 (size before relaxing)
 .debug_str     0x000049b4       0x29 LIS331HH.o
                                0x398 (size before relaxing)
 .debug_str     0x000049dd       0x3f LPS25H.o
                                0x2b2 (size before relaxing)
 .debug_str     0x00004a1c        0xf LSM9DS0.o
                                0x482 (size before relaxing)
 .debug_str     0x00004a2b       0x8e MPU9150.o
                                0x5a1 (size before relaxing)
 .debug_str     0x00004ab9      0xb96 util.o
                               0x16d2 (size before relaxing)

.debug_loc      0x00000000     0x6307
 *(.debug_loc)
 .debug_loc     0x00000000      0x1d9 ADC.o
 .debug_loc     0x000001d9     0x12f4 CanSat.o
 .debug_loc     0x000014cd       0xd8 I2C.o
 .debug_loc     0x000015a5     0x25bd orientation.o
 .debug_loc     0x00003b62      0xfd3 SPI.o
 .debug_loc     0x00004b35      0x22d Initialization.o
 .debug_loc     0x00004d62      0x25c LIS331HH.o
 .debug_loc     0x00004fbe      0x2d2 LPS25H.o
 .debug_loc     0x00005290       0x7f LSM9DS0.o
 .debug_loc     0x0000530f      0x4ae MPU9150.o
 .debug_loc     0x000057bd      0xb4a util.o

.debug_macinfo
 *(.debug_macinfo)

.debug_weaknames
 *(.debug_weaknames)

.debug_funcnames
 *(.debug_funcnames)

.debug_typenames
 *(.debug_typenames)

.debug_varnames
 *(.debug_varnames)

.debug_pubtypes
 *(.debug_pubtypes)

.debug_ranges   0x00000000      0x448
 *(.debug_ranges)
 .debug_ranges  0x00000000       0x10 ADC.o
 .debug_ranges  0x00000010      0x180 CanSat.o
 .debug_ranges  0x00000190       0x20 I2C.o
 .debug_ranges  0x000001b0       0x78 orientation.o
 .debug_ranges  0x00000228       0x90 SPI.o
 .debug_ranges  0x000002b8       0x80 Initialization.o
 .debug_ranges  0x00000338       0x28 LIS331HH.o
 .debug_ranges  0x00000360       0x30 LPS25H.o
 .debug_ranges  0x00000390       0x18 LSM9DS0.o
 .debug_ranges  0x000003a8       0x50 MPU9150.o
 .debug_ranges  0x000003f8       0x50 util.o

.debug_macro
 *(.debug_macro)
OUTPUT(CanSat_V3 - 1kHz.elf elf32-avr)
LOAD linker stubs
